TimeQuest Timing Analyzer report for alu
Mon Sep 11 20:16:40 2023
Quartus II 32-bit Version 13.0.1 Build 232 06/12/2013 Service Pack 1 SJ Web Edition


---------------------
; Table of Contents ;
---------------------
  1. Legal Notice
  2. TimeQuest Timing Analyzer Summary
  3. Parallel Compilation
  4. Clocks
  5. Slow Model Fmax Summary
  6. Slow Model Setup Summary
  7. Slow Model Hold Summary
  8. Slow Model Recovery Summary
  9. Slow Model Removal Summary
 10. Slow Model Minimum Pulse Width Summary
 11. Propagation Delay
 12. Minimum Propagation Delay
 13. Fast Model Setup Summary
 14. Fast Model Hold Summary
 15. Fast Model Recovery Summary
 16. Fast Model Removal Summary
 17. Fast Model Minimum Pulse Width Summary
 18. Propagation Delay
 19. Minimum Propagation Delay
 20. Multicorner Timing Analysis Summary
 21. Progagation Delay
 22. Minimum Progagation Delay
 23. Clock Transfers
 24. Report TCCS
 25. Report RSKM
 26. Unconstrained Paths
 27. TimeQuest Timing Analyzer Messages



----------------
; Legal Notice ;
----------------
Copyright (C) 1991-2013 Altera Corporation
Your use of Altera Corporation's design tools, logic functions 
and other software and tools, and its AMPP partner logic 
functions, and any output files from any of the foregoing 
(including device programming or simulation files), and any 
associated documentation or information are expressly subject 
to the terms and conditions of the Altera Program License 
Subscription Agreement, Altera MegaCore Function License 
Agreement, or other applicable license agreement, including, 
without limitation, that your use is for the sole purpose of 
programming logic devices manufactured by Altera and sold by 
Altera or its authorized distributors.  Please refer to the 
applicable agreement for further details.



+----------------------------------------------------------------------------------------+
; TimeQuest Timing Analyzer Summary                                                      ;
+--------------------+-------------------------------------------------------------------+
; Quartus II Version ; Version 13.0.1 Build 232 06/12/2013 Service Pack 1 SJ Web Edition ;
; Revision Name      ; alu                                                               ;
; Device Family      ; Cyclone II                                                        ;
; Device Name        ; EP2C35F672C6                                                      ;
; Timing Models      ; Final                                                             ;
; Delay Model        ; Combined                                                          ;
; Rise/Fall Delays   ; Unavailable                                                       ;
+--------------------+-------------------------------------------------------------------+


Parallel compilation was disabled, but you have multiple processors available. Enable parallel compilation to reduce compilation time.
+-------------------------------------+
; Parallel Compilation                ;
+----------------------------+--------+
; Processors                 ; Number ;
+----------------------------+--------+
; Number detected on machine ; 8      ;
; Maximum allowed            ; 1      ;
+----------------------------+--------+


----------
; Clocks ;
----------
No clocks to report.


---------------------------
; Slow Model Fmax Summary ;
---------------------------
No paths to report.


----------------------------
; Slow Model Setup Summary ;
----------------------------
No paths to report.


---------------------------
; Slow Model Hold Summary ;
---------------------------
No paths to report.


-------------------------------
; Slow Model Recovery Summary ;
-------------------------------
No paths to report.


------------------------------
; Slow Model Removal Summary ;
------------------------------
No paths to report.


------------------------------------------
; Slow Model Minimum Pulse Width Summary ;
------------------------------------------
No paths to report.


+--------------------------------------------------------------+
; Propagation Delay                                            ;
+------------+-------------+--------+--------+--------+--------+
; Input Port ; Output Port ; RR     ; RF     ; FR     ; FF     ;
+------------+-------------+--------+--------+--------+--------+
; CONTROL[0] ; RESULT[0]   ; 11.846 ; 11.846 ; 11.846 ; 11.846 ;
; CONTROL[0] ; RESULT[1]   ; 11.596 ; 11.596 ; 11.596 ; 11.596 ;
; CONTROL[0] ; RESULT[2]   ; 12.015 ; 12.015 ; 12.015 ; 12.015 ;
; CONTROL[0] ; RESULT[3]   ; 11.583 ; 11.583 ; 11.583 ; 11.583 ;
; CONTROL[0] ; RESULT[4]   ; 11.495 ; 11.495 ; 11.495 ; 11.495 ;
; CONTROL[0] ; RESULT[5]   ; 11.527 ; 11.527 ; 11.527 ; 11.527 ;
; CONTROL[0] ; RESULT[6]   ; 11.137 ; 11.137 ; 11.137 ; 11.137 ;
; CONTROL[0] ; RESULT[7]   ; 11.265 ; 11.265 ; 11.265 ; 11.265 ;
; CONTROL[0] ; ZERO        ; 13.285 ; 13.285 ; 13.285 ; 13.285 ;
; CONTROL[1] ; RESULT[0]   ; 11.629 ; 11.629 ; 11.629 ; 11.629 ;
; CONTROL[1] ; RESULT[1]   ; 11.379 ; 11.379 ; 11.379 ; 11.379 ;
; CONTROL[1] ; RESULT[2]   ; 11.798 ; 11.798 ; 11.798 ; 11.798 ;
; CONTROL[1] ; RESULT[3]   ; 11.366 ; 11.366 ; 11.366 ; 11.366 ;
; CONTROL[1] ; RESULT[4]   ; 11.278 ; 11.278 ; 11.278 ; 11.278 ;
; CONTROL[1] ; RESULT[5]   ; 11.325 ; 11.325 ; 11.325 ; 11.325 ;
; CONTROL[1] ; RESULT[6]   ; 10.920 ; 10.920 ; 10.920 ; 10.920 ;
; CONTROL[1] ; RESULT[7]   ; 11.048 ; 11.048 ; 11.048 ; 11.048 ;
; CONTROL[1] ; ZERO        ; 13.068 ; 13.068 ; 13.068 ; 13.068 ;
; CONTROL[2] ; RESULT[0]   ; 12.196 ; 12.196 ; 12.196 ; 12.196 ;
; CONTROL[2] ; RESULT[1]   ; 12.554 ; 12.554 ; 12.554 ; 12.554 ;
; CONTROL[2] ; RESULT[2]   ; 13.422 ; 13.422 ; 13.422 ; 13.422 ;
; CONTROL[2] ; RESULT[3]   ; 13.693 ; 13.693 ; 13.693 ; 13.693 ;
; CONTROL[2] ; RESULT[4]   ; 13.645 ; 13.645 ; 13.645 ; 13.645 ;
; CONTROL[2] ; RESULT[5]   ; 12.618 ; 12.618 ; 12.618 ; 12.618 ;
; CONTROL[2] ; RESULT[6]   ; 13.695 ; 13.695 ; 13.695 ; 13.695 ;
; CONTROL[2] ; RESULT[7]   ; 13.639 ; 13.639 ; 13.639 ; 13.639 ;
; CONTROL[2] ; ZERO        ; 15.253 ; 15.253 ; 15.253 ; 15.253 ;
; CONTROL[3] ; RESULT[0]   ; 10.803 ; 10.590 ; 10.590 ; 10.803 ;
; CONTROL[3] ; RESULT[1]   ; 10.527 ; 10.762 ; 10.762 ; 10.527 ;
; CONTROL[3] ; RESULT[2]   ; 10.504 ; 10.599 ; 10.599 ; 10.504 ;
; CONTROL[3] ; RESULT[3]   ; 10.810 ; 10.596 ; 10.596 ; 10.810 ;
; CONTROL[3] ; RESULT[4]   ; 10.789 ; 10.565 ; 10.565 ; 10.789 ;
; CONTROL[3] ; RESULT[5]   ; 11.517 ; 11.517 ; 11.517 ; 11.517 ;
; CONTROL[3] ; RESULT[6]   ; 10.154 ; 10.351 ; 10.351 ; 10.154 ;
; CONTROL[3] ; RESULT[7]   ; 9.853  ; 10.360 ; 10.360 ; 9.853  ;
; CONTROL[3] ; ZERO        ; 12.870 ; 12.870 ; 12.870 ; 12.870 ;
; SRC1[0]    ; RESULT[0]   ; 9.566  ; 10.091 ; 10.091 ; 9.566  ;
; SRC1[0]    ; RESULT[1]   ; 9.998  ; 9.998  ; 9.998  ; 9.998  ;
; SRC1[0]    ; RESULT[2]   ; 10.680 ; 10.680 ; 10.680 ; 10.680 ;
; SRC1[0]    ; RESULT[3]   ; 10.783 ; 10.783 ; 10.783 ; 10.783 ;
; SRC1[0]    ; RESULT[4]   ; 10.735 ; 10.735 ; 10.735 ; 10.735 ;
; SRC1[0]    ; RESULT[5]   ; 9.708  ; 9.708  ; 9.708  ; 9.708  ;
; SRC1[0]    ; RESULT[6]   ; 10.785 ; 10.785 ; 10.785 ; 10.785 ;
; SRC1[0]    ; RESULT[7]   ; 10.729 ; 10.729 ; 10.729 ; 10.729 ;
; SRC1[0]    ; ZERO        ; 12.343 ; 12.343 ; 12.343 ; 12.343 ;
; SRC1[1]    ; RESULT[0]   ;        ; 12.798 ; 12.798 ;        ;
; SRC1[1]    ; RESULT[1]   ; 11.697 ; 12.693 ; 12.693 ; 11.697 ;
; SRC1[1]    ; RESULT[2]   ; 12.691 ; 13.110 ; 13.110 ; 12.691 ;
; SRC1[1]    ; RESULT[3]   ; 12.794 ; 12.848 ; 12.848 ; 12.794 ;
; SRC1[1]    ; RESULT[4]   ; 12.746 ; 12.767 ; 12.767 ; 12.746 ;
; SRC1[1]    ; RESULT[5]   ; 11.719 ; 11.921 ; 11.921 ; 11.719 ;
; SRC1[1]    ; RESULT[6]   ; 12.796 ; 12.796 ; 12.796 ; 12.796 ;
; SRC1[1]    ; RESULT[7]   ; 12.740 ; 12.740 ; 12.740 ; 12.740 ;
; SRC1[1]    ; ZERO        ; 14.408 ; 14.354 ; 14.354 ; 14.408 ;
; SRC1[2]    ; RESULT[0]   ;        ; 12.465 ; 12.465 ;        ;
; SRC1[2]    ; RESULT[1]   ;        ; 12.360 ; 12.360 ;        ;
; SRC1[2]    ; RESULT[2]   ; 12.034 ; 12.777 ; 12.777 ; 12.034 ;
; SRC1[2]    ; RESULT[3]   ; 12.453 ; 12.515 ; 12.515 ; 12.453 ;
; SRC1[2]    ; RESULT[4]   ; 12.405 ; 12.434 ; 12.434 ; 12.405 ;
; SRC1[2]    ; RESULT[5]   ; 11.378 ; 11.588 ; 11.588 ; 11.378 ;
; SRC1[2]    ; RESULT[6]   ; 12.455 ; 12.455 ; 12.455 ; 12.455 ;
; SRC1[2]    ; RESULT[7]   ; 12.399 ; 12.399 ; 12.399 ; 12.399 ;
; SRC1[2]    ; ZERO        ; 14.075 ; 14.013 ; 14.013 ; 14.075 ;
; SRC1[3]    ; RESULT[0]   ;        ; 12.658 ; 12.658 ;        ;
; SRC1[3]    ; RESULT[1]   ;        ; 12.553 ; 12.553 ;        ;
; SRC1[3]    ; RESULT[2]   ;        ; 12.970 ; 12.970 ;        ;
; SRC1[3]    ; RESULT[3]   ; 12.304 ; 12.708 ; 12.708 ; 12.304 ;
; SRC1[3]    ; RESULT[4]   ; 12.568 ; 12.627 ; 12.627 ; 12.568 ;
; SRC1[3]    ; RESULT[5]   ; 11.541 ; 11.781 ; 11.781 ; 11.541 ;
; SRC1[3]    ; RESULT[6]   ; 12.618 ; 12.618 ; 12.618 ; 12.618 ;
; SRC1[3]    ; RESULT[7]   ; 12.562 ; 12.562 ; 12.562 ; 12.562 ;
; SRC1[3]    ; ZERO        ; 14.268 ; 13.864 ; 13.864 ; 14.268 ;
; SRC1[4]    ; RESULT[0]   ;        ; 12.623 ; 12.623 ;        ;
; SRC1[4]    ; RESULT[1]   ;        ; 12.518 ; 12.518 ;        ;
; SRC1[4]    ; RESULT[2]   ;        ; 12.935 ; 12.935 ;        ;
; SRC1[4]    ; RESULT[3]   ;        ; 12.673 ; 12.673 ;        ;
; SRC1[4]    ; RESULT[4]   ; 12.241 ; 12.592 ; 12.592 ; 12.241 ;
; SRC1[4]    ; RESULT[5]   ; 11.530 ; 11.746 ; 11.746 ; 11.530 ;
; SRC1[4]    ; RESULT[6]   ; 12.607 ; 12.607 ; 12.607 ; 12.607 ;
; SRC1[4]    ; RESULT[7]   ; 12.551 ; 12.551 ; 12.551 ; 12.551 ;
; SRC1[4]    ; ZERO        ; 14.233 ; 13.488 ; 13.488 ; 14.233 ;
; SRC1[5]    ; RESULT[0]   ;        ; 12.506 ; 12.506 ;        ;
; SRC1[5]    ; RESULT[1]   ;        ; 12.401 ; 12.401 ;        ;
; SRC1[5]    ; RESULT[2]   ;        ; 12.818 ; 12.818 ;        ;
; SRC1[5]    ; RESULT[3]   ;        ; 12.556 ; 12.556 ;        ;
; SRC1[5]    ; RESULT[4]   ;        ; 12.475 ; 12.475 ;        ;
; SRC1[5]    ; RESULT[5]   ; 11.115 ; 11.629 ; 11.629 ; 11.115 ;
; SRC1[5]    ; RESULT[6]   ; 12.507 ; 12.507 ; 12.507 ; 12.507 ;
; SRC1[5]    ; RESULT[7]   ; 12.451 ; 12.451 ; 12.451 ; 12.451 ;
; SRC1[5]    ; ZERO        ; 14.116 ; 13.192 ; 13.192 ; 14.116 ;
; SRC1[6]    ; RESULT[0]   ;        ; 12.502 ; 12.502 ;        ;
; SRC1[6]    ; RESULT[1]   ;        ; 12.397 ; 12.397 ;        ;
; SRC1[6]    ; RESULT[2]   ;        ; 12.814 ; 12.814 ;        ;
; SRC1[6]    ; RESULT[3]   ;        ; 12.552 ; 12.552 ;        ;
; SRC1[6]    ; RESULT[4]   ;        ; 12.471 ; 12.471 ;        ;
; SRC1[6]    ; RESULT[5]   ;        ; 11.625 ; 11.625 ;        ;
; SRC1[6]    ; RESULT[6]   ; 11.859 ; 12.106 ; 12.106 ; 11.859 ;
; SRC1[6]    ; RESULT[7]   ; 12.119 ; 12.234 ; 12.234 ; 12.119 ;
; SRC1[6]    ; ZERO        ; 14.112 ; 12.544 ; 12.544 ; 14.112 ;
; SRC1[7]    ; RESULT[0]   ;        ; 11.734 ; 11.734 ;        ;
; SRC1[7]    ; RESULT[1]   ;        ; 11.629 ; 11.629 ;        ;
; SRC1[7]    ; RESULT[2]   ;        ; 12.046 ; 12.046 ;        ;
; SRC1[7]    ; RESULT[3]   ;        ; 11.784 ; 11.784 ;        ;
; SRC1[7]    ; RESULT[4]   ;        ; 11.703 ; 11.703 ;        ;
; SRC1[7]    ; RESULT[5]   ;        ; 10.857 ; 10.857 ;        ;
; SRC1[7]    ; RESULT[6]   ;        ; 11.338 ; 11.338 ;        ;
; SRC1[7]    ; RESULT[7]   ; 11.398 ; 11.466 ; 11.466 ; 11.398 ;
; SRC1[7]    ; ZERO        ; 13.344 ; 11.803 ; 11.803 ; 13.344 ;
; SRC2[0]    ; RESULT[0]   ; 10.328 ; 9.404  ; 9.404  ; 10.328 ;
; SRC2[0]    ; RESULT[1]   ; 10.223 ; 9.837  ; 9.837  ; 10.223 ;
; SRC2[0]    ; RESULT[2]   ; 10.640 ; 10.519 ; 10.519 ; 10.640 ;
; SRC2[0]    ; RESULT[3]   ; 10.622 ; 10.622 ; 10.622 ; 10.622 ;
; SRC2[0]    ; RESULT[4]   ; 10.574 ; 10.574 ; 10.574 ; 10.574 ;
; SRC2[0]    ; RESULT[5]   ; 9.547  ; 9.547  ; 9.547  ; 9.547  ;
; SRC2[0]    ; RESULT[6]   ; 10.624 ; 10.624 ; 10.624 ; 10.624 ;
; SRC2[0]    ; RESULT[7]   ; 10.568 ; 10.568 ; 10.568 ; 10.568 ;
; SRC2[0]    ; ZERO        ; 12.182 ; 12.182 ; 12.182 ; 12.182 ;
; SRC2[1]    ; RESULT[0]   ; 13.028 ;        ;        ; 13.028 ;
; SRC2[1]    ; RESULT[1]   ; 12.923 ; 12.266 ; 12.266 ; 12.923 ;
; SRC2[1]    ; RESULT[2]   ; 13.340 ; 13.263 ; 13.263 ; 13.340 ;
; SRC2[1]    ; RESULT[3]   ; 13.366 ; 13.366 ; 13.366 ; 13.366 ;
; SRC2[1]    ; RESULT[4]   ; 13.318 ; 13.318 ; 13.318 ; 13.318 ;
; SRC2[1]    ; RESULT[5]   ; 12.291 ; 12.291 ; 12.291 ; 12.291 ;
; SRC2[1]    ; RESULT[6]   ; 13.368 ; 13.368 ; 13.368 ; 13.368 ;
; SRC2[1]    ; RESULT[7]   ; 13.312 ; 13.312 ; 13.312 ; 13.312 ;
; SRC2[1]    ; ZERO        ; 14.926 ; 14.926 ; 14.926 ; 14.926 ;
; SRC2[2]    ; RESULT[0]   ; 12.735 ;        ;        ; 12.735 ;
; SRC2[2]    ; RESULT[1]   ; 12.630 ;        ;        ; 12.630 ;
; SRC2[2]    ; RESULT[2]   ; 13.047 ; 12.927 ; 12.927 ; 13.047 ;
; SRC2[2]    ; RESULT[3]   ; 13.345 ; 13.345 ; 13.345 ; 13.345 ;
; SRC2[2]    ; RESULT[4]   ; 13.297 ; 13.297 ; 13.297 ; 13.297 ;
; SRC2[2]    ; RESULT[5]   ; 12.270 ; 12.270 ; 12.270 ; 12.270 ;
; SRC2[2]    ; RESULT[6]   ; 13.347 ; 13.347 ; 13.347 ; 13.347 ;
; SRC2[2]    ; RESULT[7]   ; 13.291 ; 13.291 ; 13.291 ; 13.291 ;
; SRC2[2]    ; ZERO        ; 14.905 ; 14.905 ; 14.905 ; 14.905 ;
; SRC2[3]    ; RESULT[0]   ; 12.360 ;        ;        ; 12.360 ;
; SRC2[3]    ; RESULT[1]   ; 12.255 ;        ;        ; 12.255 ;
; SRC2[3]    ; RESULT[2]   ; 12.672 ;        ;        ; 12.672 ;
; SRC2[3]    ; RESULT[3]   ; 12.470 ; 12.470 ; 12.470 ; 12.470 ;
; SRC2[3]    ; RESULT[4]   ; 12.737 ; 12.737 ; 12.737 ; 12.737 ;
; SRC2[3]    ; RESULT[5]   ; 11.710 ; 11.710 ; 11.710 ; 11.710 ;
; SRC2[3]    ; RESULT[6]   ; 12.787 ; 12.787 ; 12.787 ; 12.787 ;
; SRC2[3]    ; RESULT[7]   ; 12.731 ; 12.731 ; 12.731 ; 12.731 ;
; SRC2[3]    ; ZERO        ; 14.030 ; 14.030 ; 14.030 ; 14.030 ;
; SRC2[4]    ; RESULT[0]   ; 12.911 ;        ;        ; 12.911 ;
; SRC2[4]    ; RESULT[1]   ; 12.806 ;        ;        ; 12.806 ;
; SRC2[4]    ; RESULT[2]   ; 13.223 ;        ;        ; 13.223 ;
; SRC2[4]    ; RESULT[3]   ; 12.961 ;        ;        ; 12.961 ;
; SRC2[4]    ; RESULT[4]   ; 12.880 ; 12.774 ; 12.774 ; 12.880 ;
; SRC2[4]    ; RESULT[5]   ; 12.062 ; 12.062 ; 12.062 ; 12.062 ;
; SRC2[4]    ; RESULT[6]   ; 13.139 ; 13.139 ; 13.139 ; 13.139 ;
; SRC2[4]    ; RESULT[7]   ; 13.083 ; 13.083 ; 13.083 ; 13.083 ;
; SRC2[4]    ; ZERO        ; 14.021 ; 14.521 ; 14.521 ; 14.021 ;
; SRC2[5]    ; RESULT[0]   ; 12.534 ;        ;        ; 12.534 ;
; SRC2[5]    ; RESULT[1]   ; 12.429 ;        ;        ; 12.429 ;
; SRC2[5]    ; RESULT[2]   ; 12.846 ;        ;        ; 12.846 ;
; SRC2[5]    ; RESULT[3]   ; 12.584 ;        ;        ; 12.584 ;
; SRC2[5]    ; RESULT[4]   ; 12.503 ;        ;        ; 12.503 ;
; SRC2[5]    ; RESULT[5]   ; 11.844 ; 11.844 ; 11.844 ; 11.844 ;
; SRC2[5]    ; RESULT[6]   ; 13.233 ; 13.233 ; 13.233 ; 13.233 ;
; SRC2[5]    ; RESULT[7]   ; 13.177 ; 13.177 ; 13.177 ; 13.177 ;
; SRC2[5]    ; ZERO        ; 13.918 ; 14.144 ; 14.144 ; 13.918 ;
; SRC2[6]    ; RESULT[0]   ; 12.408 ;        ;        ; 12.408 ;
; SRC2[6]    ; RESULT[1]   ; 12.303 ;        ;        ; 12.303 ;
; SRC2[6]    ; RESULT[2]   ; 12.720 ;        ;        ; 12.720 ;
; SRC2[6]    ; RESULT[3]   ; 12.458 ;        ;        ; 12.458 ;
; SRC2[6]    ; RESULT[4]   ; 12.377 ;        ;        ; 12.377 ;
; SRC2[6]    ; RESULT[5]   ; 11.531 ;        ;        ; 11.531 ;
; SRC2[6]    ; RESULT[6]   ; 12.534 ; 12.534 ; 12.534 ; 12.534 ;
; SRC2[6]    ; RESULT[7]   ; 12.793 ; 12.793 ; 12.793 ; 12.793 ;
; SRC2[6]    ; ZERO        ; 13.219 ; 14.018 ; 14.018 ; 13.219 ;
; SRC2[7]    ; RESULT[0]   ; 11.479 ;        ;        ; 11.479 ;
; SRC2[7]    ; RESULT[1]   ; 11.374 ;        ;        ; 11.374 ;
; SRC2[7]    ; RESULT[2]   ; 11.791 ;        ;        ; 11.791 ;
; SRC2[7]    ; RESULT[3]   ; 11.529 ;        ;        ; 11.529 ;
; SRC2[7]    ; RESULT[4]   ; 11.448 ;        ;        ; 11.448 ;
; SRC2[7]    ; RESULT[5]   ; 10.602 ;        ;        ; 10.602 ;
; SRC2[7]    ; RESULT[6]   ; 11.083 ;        ;        ; 11.083 ;
; SRC2[7]    ; RESULT[7]   ; 12.099 ; 12.099 ; 12.099 ; 12.099 ;
; SRC2[7]    ; ZERO        ; 12.504 ; 13.089 ; 13.089 ; 12.504 ;
+------------+-------------+--------+--------+--------+--------+


+--------------------------------------------------------------+
; Minimum Propagation Delay                                    ;
+------------+-------------+--------+--------+--------+--------+
; Input Port ; Output Port ; RR     ; RF     ; FR     ; FF     ;
+------------+-------------+--------+--------+--------+--------+
; CONTROL[0] ; RESULT[0]   ; 10.940 ; 10.676 ; 10.676 ; 10.940 ;
; CONTROL[0] ; RESULT[1]   ; 11.357 ; 10.537 ; 10.537 ; 11.357 ;
; CONTROL[0] ; RESULT[2]   ; 11.500 ; 10.514 ; 10.514 ; 11.500 ;
; CONTROL[0] ; RESULT[3]   ; 11.225 ; 10.682 ; 10.682 ; 11.225 ;
; CONTROL[0] ; RESULT[4]   ; 10.990 ; 10.651 ; 10.651 ; 10.990 ;
; CONTROL[0] ; RESULT[5]   ; 10.902 ; 10.679 ; 10.679 ; 10.902 ;
; CONTROL[0] ; RESULT[6]   ; 10.444 ; 10.164 ; 10.164 ; 10.444 ;
; CONTROL[0] ; RESULT[7]   ; 10.927 ; 9.863  ; 9.863  ; 10.927 ;
; CONTROL[0] ; ZERO        ; 10.268 ; 11.129 ; 11.129 ; 10.268 ;
; CONTROL[1] ; RESULT[0]   ; 10.692 ; 10.437 ; 10.437 ; 10.692 ;
; CONTROL[1] ; RESULT[1]   ; 11.109 ; 10.335 ; 10.335 ; 11.109 ;
; CONTROL[1] ; RESULT[2]   ; 11.252 ; 10.312 ; 10.312 ; 11.252 ;
; CONTROL[1] ; RESULT[3]   ; 10.977 ; 10.443 ; 10.443 ; 10.977 ;
; CONTROL[1] ; RESULT[4]   ; 10.742 ; 10.412 ; 10.412 ; 10.742 ;
; CONTROL[1] ; RESULT[5]   ; 10.685 ; 10.440 ; 10.440 ; 10.685 ;
; CONTROL[1] ; RESULT[6]   ; 10.196 ; 9.962  ; 9.962  ; 10.196 ;
; CONTROL[1] ; RESULT[7]   ; 10.679 ; 9.661  ; 9.661  ; 10.679 ;
; CONTROL[1] ; ZERO        ; 10.066 ; 10.881 ; 10.881 ; 10.066 ;
; CONTROL[2] ; RESULT[0]   ; 10.733 ; 10.960 ; 10.960 ; 10.733 ;
; CONTROL[2] ; RESULT[1]   ; 10.634 ; 11.377 ; 11.377 ; 10.634 ;
; CONTROL[2] ; RESULT[2]   ; 10.611 ; 11.520 ; 11.520 ; 10.611 ;
; CONTROL[2] ; RESULT[3]   ; 10.739 ; 11.245 ; 11.245 ; 10.739 ;
; CONTROL[2] ; RESULT[4]   ; 10.708 ; 11.010 ; 11.010 ; 10.708 ;
; CONTROL[2] ; RESULT[5]   ; 10.736 ; 10.979 ; 10.979 ; 10.736 ;
; CONTROL[2] ; RESULT[6]   ; 10.261 ; 10.464 ; 10.464 ; 10.261 ;
; CONTROL[2] ; RESULT[7]   ; 9.960  ; 10.947 ; 10.947 ; 9.960  ;
; CONTROL[2] ; ZERO        ; 11.149 ; 10.365 ; 10.365 ; 11.149 ;
; CONTROL[3] ; RESULT[0]   ; 10.803 ; 10.590 ; 10.590 ; 10.803 ;
; CONTROL[3] ; RESULT[1]   ; 10.527 ; 10.762 ; 10.762 ; 10.527 ;
; CONTROL[3] ; RESULT[2]   ; 10.504 ; 10.599 ; 10.599 ; 10.504 ;
; CONTROL[3] ; RESULT[3]   ; 10.810 ; 10.596 ; 10.596 ; 10.810 ;
; CONTROL[3] ; RESULT[4]   ; 10.789 ; 10.565 ; 10.565 ; 10.789 ;
; CONTROL[3] ; RESULT[5]   ; 11.483 ; 10.593 ; 10.593 ; 11.483 ;
; CONTROL[3] ; RESULT[6]   ; 10.154 ; 10.351 ; 10.351 ; 10.154 ;
; CONTROL[3] ; RESULT[7]   ; 9.853  ; 10.360 ; 10.360 ; 9.853  ;
; CONTROL[3] ; ZERO        ; 10.765 ; 10.258 ; 10.258 ; 10.765 ;
; SRC1[0]    ; RESULT[0]   ; 7.648  ; 7.885  ; 7.885  ; 7.648  ;
; SRC1[0]    ; RESULT[1]   ; 9.998  ; 9.986  ; 9.986  ; 9.998  ;
; SRC1[0]    ; RESULT[2]   ; 10.680 ; 10.403 ; 10.403 ; 10.680 ;
; SRC1[0]    ; RESULT[3]   ; 10.783 ; 10.141 ; 10.141 ; 10.783 ;
; SRC1[0]    ; RESULT[4]   ; 10.735 ; 10.060 ; 10.060 ; 10.735 ;
; SRC1[0]    ; RESULT[5]   ; 9.708  ; 9.214  ; 9.214  ; 9.708  ;
; SRC1[0]    ; RESULT[6]   ; 10.785 ; 9.695  ; 9.695  ; 10.785 ;
; SRC1[0]    ; RESULT[7]   ; 10.729 ; 9.823  ; 9.823  ; 10.729 ;
; SRC1[0]    ; ZERO        ; 9.027  ; 8.790  ; 8.790  ; 9.027  ;
; SRC1[1]    ; RESULT[0]   ;        ; 12.798 ; 12.798 ;        ;
; SRC1[1]    ; RESULT[1]   ; 10.286 ; 10.464 ; 10.464 ; 10.286 ;
; SRC1[1]    ; RESULT[2]   ; 12.691 ; 12.691 ; 12.691 ; 12.691 ;
; SRC1[1]    ; RESULT[3]   ; 12.794 ; 12.794 ; 12.794 ; 12.794 ;
; SRC1[1]    ; RESULT[4]   ; 12.746 ; 12.746 ; 12.746 ; 12.746 ;
; SRC1[1]    ; RESULT[5]   ; 11.719 ; 11.719 ; 11.719 ; 11.719 ;
; SRC1[1]    ; RESULT[6]   ; 12.796 ; 12.402 ; 12.402 ; 12.796 ;
; SRC1[1]    ; RESULT[7]   ; 12.740 ; 12.530 ; 12.530 ; 12.740 ;
; SRC1[1]    ; ZERO        ; 11.840 ; 11.662 ; 11.662 ; 11.840 ;
; SRC1[2]    ; RESULT[0]   ;        ; 12.465 ; 12.465 ;        ;
; SRC1[2]    ; RESULT[1]   ;        ; 12.360 ; 12.360 ;        ;
; SRC1[2]    ; RESULT[2]   ; 10.088 ; 10.119 ; 10.119 ; 10.088 ;
; SRC1[2]    ; RESULT[3]   ; 12.453 ; 12.453 ; 12.453 ; 12.453 ;
; SRC1[2]    ; RESULT[4]   ; 12.405 ; 12.405 ; 12.405 ; 12.405 ;
; SRC1[2]    ; RESULT[5]   ; 11.378 ; 11.378 ; 11.378 ; 11.378 ;
; SRC1[2]    ; RESULT[6]   ; 12.455 ; 12.069 ; 12.069 ; 12.455 ;
; SRC1[2]    ; RESULT[7]   ; 12.399 ; 12.197 ; 12.197 ; 12.399 ;
; SRC1[2]    ; ZERO        ; 11.389 ; 11.358 ; 11.358 ; 11.389 ;
; SRC1[3]    ; RESULT[0]   ;        ; 12.658 ; 12.658 ;        ;
; SRC1[3]    ; RESULT[1]   ;        ; 12.553 ; 12.553 ;        ;
; SRC1[3]    ; RESULT[2]   ;        ; 12.970 ; 12.970 ;        ;
; SRC1[3]    ; RESULT[3]   ; 9.982  ; 10.256 ; 10.256 ; 9.982  ;
; SRC1[3]    ; RESULT[4]   ; 12.568 ; 12.568 ; 12.568 ; 12.568 ;
; SRC1[3]    ; RESULT[5]   ; 11.541 ; 11.541 ; 11.541 ; 11.541 ;
; SRC1[3]    ; RESULT[6]   ; 12.618 ; 12.262 ; 12.262 ; 12.618 ;
; SRC1[3]    ; RESULT[7]   ; 12.562 ; 12.390 ; 12.390 ; 12.562 ;
; SRC1[3]    ; ZERO        ; 11.816 ; 11.542 ; 11.542 ; 11.816 ;
; SRC1[4]    ; RESULT[0]   ;        ; 12.623 ; 12.623 ;        ;
; SRC1[4]    ; RESULT[1]   ;        ; 12.518 ; 12.518 ;        ;
; SRC1[4]    ; RESULT[2]   ;        ; 12.935 ; 12.935 ;        ;
; SRC1[4]    ; RESULT[3]   ;        ; 12.673 ; 12.673 ;        ;
; SRC1[4]    ; RESULT[4]   ; 10.013 ; 10.303 ; 10.303 ; 10.013 ;
; SRC1[4]    ; RESULT[5]   ; 11.530 ; 11.530 ; 11.530 ; 11.530 ;
; SRC1[4]    ; RESULT[6]   ; 12.607 ; 12.227 ; 12.227 ; 12.607 ;
; SRC1[4]    ; RESULT[7]   ; 12.551 ; 12.355 ; 12.355 ; 12.551 ;
; SRC1[4]    ; ZERO        ; 11.550 ; 11.260 ; 11.260 ; 11.550 ;
; SRC1[5]    ; RESULT[0]   ;        ; 12.506 ; 12.506 ;        ;
; SRC1[5]    ; RESULT[1]   ;        ; 12.401 ; 12.401 ;        ;
; SRC1[5]    ; RESULT[2]   ;        ; 12.818 ; 12.818 ;        ;
; SRC1[5]    ; RESULT[3]   ;        ; 12.556 ; 12.556 ;        ;
; SRC1[5]    ; RESULT[4]   ;        ; 12.475 ; 12.475 ;        ;
; SRC1[5]    ; RESULT[5]   ; 10.270 ; 10.270 ; 10.270 ; 10.270 ;
; SRC1[5]    ; RESULT[6]   ; 12.507 ; 12.110 ; 12.110 ; 12.507 ;
; SRC1[5]    ; RESULT[7]   ; 12.451 ; 12.238 ; 12.238 ; 12.451 ;
; SRC1[5]    ; ZERO        ; 11.623 ; 11.623 ; 11.623 ; 11.623 ;
; SRC1[6]    ; RESULT[0]   ;        ; 12.502 ; 12.502 ;        ;
; SRC1[6]    ; RESULT[1]   ;        ; 12.397 ; 12.397 ;        ;
; SRC1[6]    ; RESULT[2]   ;        ; 12.814 ; 12.814 ;        ;
; SRC1[6]    ; RESULT[3]   ;        ; 12.552 ; 12.552 ;        ;
; SRC1[6]    ; RESULT[4]   ;        ; 12.471 ; 12.471 ;        ;
; SRC1[6]    ; RESULT[5]   ;        ; 11.625 ; 11.625 ;        ;
; SRC1[6]    ; RESULT[6]   ; 9.286  ; 9.561  ; 9.561  ; 9.286  ;
; SRC1[6]    ; RESULT[7]   ; 12.119 ; 12.119 ; 12.119 ; 12.119 ;
; SRC1[6]    ; ZERO        ; 10.246 ; 9.971  ; 9.971  ; 10.246 ;
; SRC1[7]    ; RESULT[0]   ;        ; 11.734 ; 11.734 ;        ;
; SRC1[7]    ; RESULT[1]   ;        ; 11.629 ; 11.629 ;        ;
; SRC1[7]    ; RESULT[2]   ;        ; 12.046 ; 12.046 ;        ;
; SRC1[7]    ; RESULT[3]   ;        ; 11.784 ; 11.784 ;        ;
; SRC1[7]    ; RESULT[4]   ;        ; 11.703 ; 11.703 ;        ;
; SRC1[7]    ; RESULT[5]   ;        ; 10.857 ; 10.857 ;        ;
; SRC1[7]    ; RESULT[6]   ;        ; 11.338 ; 11.338 ;        ;
; SRC1[7]    ; RESULT[7]   ; 9.536  ; 9.491  ; 9.491  ; 9.536  ;
; SRC1[7]    ; ZERO        ; 9.896  ; 9.941  ; 9.941  ; 9.896  ;
; SRC2[0]    ; RESULT[0]   ; 7.393  ; 7.670  ; 7.670  ; 7.393  ;
; SRC2[0]    ; RESULT[1]   ; 9.837  ; 9.837  ; 9.837  ; 9.837  ;
; SRC2[0]    ; RESULT[2]   ; 10.519 ; 10.519 ; 10.519 ; 10.519 ;
; SRC2[0]    ; RESULT[3]   ; 10.378 ; 10.622 ; 10.622 ; 10.378 ;
; SRC2[0]    ; RESULT[4]   ; 10.297 ; 10.574 ; 10.574 ; 10.297 ;
; SRC2[0]    ; RESULT[5]   ; 9.451  ; 9.547  ; 9.547  ; 9.451  ;
; SRC2[0]    ; RESULT[6]   ; 9.932  ; 10.624 ; 10.624 ; 9.932  ;
; SRC2[0]    ; RESULT[7]   ; 10.060 ; 10.568 ; 10.568 ; 10.060 ;
; SRC2[0]    ; ZERO        ; 8.812  ; 8.535  ; 8.535  ; 8.812  ;
; SRC2[1]    ; RESULT[0]   ; 13.028 ;        ;        ; 13.028 ;
; SRC2[1]    ; RESULT[1]   ; 10.450 ; 10.585 ; 10.585 ; 10.450 ;
; SRC2[1]    ; RESULT[2]   ; 13.263 ; 13.263 ; 13.263 ; 13.263 ;
; SRC2[1]    ; RESULT[3]   ; 13.078 ; 13.366 ; 13.366 ; 13.078 ;
; SRC2[1]    ; RESULT[4]   ; 12.997 ; 13.318 ; 13.318 ; 12.997 ;
; SRC2[1]    ; RESULT[5]   ; 12.151 ; 12.291 ; 12.291 ; 12.151 ;
; SRC2[1]    ; RESULT[6]   ; 12.632 ; 13.368 ; 13.368 ; 12.632 ;
; SRC2[1]    ; RESULT[7]   ; 12.760 ; 13.312 ; 13.312 ; 12.760 ;
; SRC2[1]    ; ZERO        ; 11.961 ; 11.826 ; 11.826 ; 11.961 ;
; SRC2[2]    ; RESULT[0]   ; 12.735 ;        ;        ; 12.735 ;
; SRC2[2]    ; RESULT[1]   ; 12.630 ;        ;        ; 12.630 ;
; SRC2[2]    ; RESULT[2]   ; 10.290 ; 10.323 ; 10.323 ; 10.290 ;
; SRC2[2]    ; RESULT[3]   ; 12.785 ; 13.345 ; 13.345 ; 12.785 ;
; SRC2[2]    ; RESULT[4]   ; 12.704 ; 13.297 ; 13.297 ; 12.704 ;
; SRC2[2]    ; RESULT[5]   ; 11.858 ; 12.270 ; 12.270 ; 11.858 ;
; SRC2[2]    ; RESULT[6]   ; 12.339 ; 13.347 ; 13.347 ; 12.339 ;
; SRC2[2]    ; RESULT[7]   ; 12.467 ; 13.291 ; 13.291 ; 12.467 ;
; SRC2[2]    ; ZERO        ; 11.593 ; 11.560 ; 11.560 ; 11.593 ;
; SRC2[3]    ; RESULT[0]   ; 12.360 ;        ;        ; 12.360 ;
; SRC2[3]    ; RESULT[1]   ; 12.255 ;        ;        ; 12.255 ;
; SRC2[3]    ; RESULT[2]   ; 12.672 ;        ;        ; 12.672 ;
; SRC2[3]    ; RESULT[3]   ; 10.021 ; 10.248 ; 10.248 ; 10.021 ;
; SRC2[3]    ; RESULT[4]   ; 12.329 ; 12.737 ; 12.737 ; 12.329 ;
; SRC2[3]    ; RESULT[5]   ; 11.483 ; 11.710 ; 11.710 ; 11.483 ;
; SRC2[3]    ; RESULT[6]   ; 11.964 ; 12.787 ; 12.787 ; 11.964 ;
; SRC2[3]    ; RESULT[7]   ; 12.092 ; 12.731 ; 12.731 ; 12.092 ;
; SRC2[3]    ; ZERO        ; 11.808 ; 11.581 ; 11.581 ; 11.808 ;
; SRC2[4]    ; RESULT[0]   ; 12.911 ;        ;        ; 12.911 ;
; SRC2[4]    ; RESULT[1]   ; 12.806 ;        ;        ; 12.806 ;
; SRC2[4]    ; RESULT[2]   ; 13.223 ;        ;        ; 13.223 ;
; SRC2[4]    ; RESULT[3]   ; 12.961 ;        ;        ; 12.961 ;
; SRC2[4]    ; RESULT[4]   ; 10.099 ; 10.387 ; 10.387 ; 10.099 ;
; SRC2[4]    ; RESULT[5]   ; 12.034 ; 12.062 ; 12.062 ; 12.034 ;
; SRC2[4]    ; RESULT[6]   ; 12.515 ; 13.139 ; 13.139 ; 12.515 ;
; SRC2[4]    ; RESULT[7]   ; 12.643 ; 13.083 ; 13.083 ; 12.643 ;
; SRC2[4]    ; ZERO        ; 11.634 ; 11.346 ; 11.346 ; 11.634 ;
; SRC2[5]    ; RESULT[0]   ; 12.534 ;        ;        ; 12.534 ;
; SRC2[5]    ; RESULT[1]   ; 12.429 ;        ;        ; 12.429 ;
; SRC2[5]    ; RESULT[2]   ; 12.846 ;        ;        ; 12.846 ;
; SRC2[5]    ; RESULT[3]   ; 12.584 ;        ;        ; 12.584 ;
; SRC2[5]    ; RESULT[4]   ; 12.503 ;        ;        ; 12.503 ;
; SRC2[5]    ; RESULT[5]   ; 10.429 ; 10.429 ; 10.429 ; 10.429 ;
; SRC2[5]    ; RESULT[6]   ; 12.138 ; 13.233 ; 13.233 ; 12.138 ;
; SRC2[5]    ; RESULT[7]   ; 12.266 ; 13.177 ; 13.177 ; 12.266 ;
; SRC2[5]    ; ZERO        ; 11.782 ; 11.782 ; 11.782 ; 11.782 ;
; SRC2[6]    ; RESULT[0]   ; 12.408 ;        ;        ; 12.408 ;
; SRC2[6]    ; RESULT[1]   ; 12.303 ;        ;        ; 12.303 ;
; SRC2[6]    ; RESULT[2]   ; 12.720 ;        ;        ; 12.720 ;
; SRC2[6]    ; RESULT[3]   ; 12.458 ;        ;        ; 12.458 ;
; SRC2[6]    ; RESULT[4]   ; 12.377 ;        ;        ; 12.377 ;
; SRC2[6]    ; RESULT[5]   ; 11.531 ;        ;        ; 11.531 ;
; SRC2[6]    ; RESULT[6]   ; 10.023 ; 10.156 ; 10.156 ; 10.023 ;
; SRC2[6]    ; RESULT[7]   ; 12.140 ; 12.793 ; 12.793 ; 12.140 ;
; SRC2[6]    ; ZERO        ; 10.841 ; 10.708 ; 10.708 ; 10.841 ;
; SRC2[7]    ; RESULT[0]   ; 11.479 ;        ;        ; 11.479 ;
; SRC2[7]    ; RESULT[1]   ; 11.374 ;        ;        ; 11.374 ;
; SRC2[7]    ; RESULT[2]   ; 11.791 ;        ;        ; 11.791 ;
; SRC2[7]    ; RESULT[3]   ; 11.529 ;        ;        ; 11.529 ;
; SRC2[7]    ; RESULT[4]   ; 11.448 ;        ;        ; 11.448 ;
; SRC2[7]    ; RESULT[5]   ; 10.602 ;        ;        ; 10.602 ;
; SRC2[7]    ; RESULT[6]   ; 11.083 ;        ;        ; 11.083 ;
; SRC2[7]    ; RESULT[7]   ; 9.843  ; 9.658  ; 9.658  ; 9.843  ;
; SRC2[7]    ; ZERO        ; 10.063 ; 10.248 ; 10.248 ; 10.063 ;
+------------+-------------+--------+--------+--------+--------+


----------------------------
; Fast Model Setup Summary ;
----------------------------
No paths to report.


---------------------------
; Fast Model Hold Summary ;
---------------------------
No paths to report.


-------------------------------
; Fast Model Recovery Summary ;
-------------------------------
No paths to report.


------------------------------
; Fast Model Removal Summary ;
------------------------------
No paths to report.


------------------------------------------
; Fast Model Minimum Pulse Width Summary ;
------------------------------------------
No paths to report.


+----------------------------------------------------------+
; Propagation Delay                                        ;
+------------+-------------+-------+-------+-------+-------+
; Input Port ; Output Port ; RR    ; RF    ; FR    ; FF    ;
+------------+-------------+-------+-------+-------+-------+
; CONTROL[0] ; RESULT[0]   ; 6.302 ; 6.302 ; 6.302 ; 6.302 ;
; CONTROL[0] ; RESULT[1]   ; 6.193 ; 6.193 ; 6.193 ; 6.193 ;
; CONTROL[0] ; RESULT[2]   ; 6.358 ; 6.358 ; 6.358 ; 6.358 ;
; CONTROL[0] ; RESULT[3]   ; 6.189 ; 6.189 ; 6.189 ; 6.189 ;
; CONTROL[0] ; RESULT[4]   ; 6.131 ; 6.131 ; 6.131 ; 6.131 ;
; CONTROL[0] ; RESULT[5]   ; 6.181 ; 6.181 ; 6.181 ; 6.181 ;
; CONTROL[0] ; RESULT[6]   ; 5.971 ; 5.971 ; 5.971 ; 5.971 ;
; CONTROL[0] ; RESULT[7]   ; 6.040 ; 6.040 ; 6.040 ; 6.040 ;
; CONTROL[0] ; ZERO        ; 6.911 ; 6.911 ; 6.911 ; 6.911 ;
; CONTROL[1] ; RESULT[0]   ; 6.247 ; 6.247 ; 6.247 ; 6.247 ;
; CONTROL[1] ; RESULT[1]   ; 6.138 ; 6.138 ; 6.138 ; 6.138 ;
; CONTROL[1] ; RESULT[2]   ; 6.303 ; 6.303 ; 6.303 ; 6.303 ;
; CONTROL[1] ; RESULT[3]   ; 6.134 ; 6.134 ; 6.134 ; 6.134 ;
; CONTROL[1] ; RESULT[4]   ; 6.076 ; 6.076 ; 6.076 ; 6.076 ;
; CONTROL[1] ; RESULT[5]   ; 6.120 ; 6.120 ; 6.120 ; 6.120 ;
; CONTROL[1] ; RESULT[6]   ; 5.916 ; 5.916 ; 5.916 ; 5.916 ;
; CONTROL[1] ; RESULT[7]   ; 5.985 ; 5.985 ; 5.985 ; 5.985 ;
; CONTROL[1] ; ZERO        ; 6.856 ; 6.856 ; 6.856 ; 6.856 ;
; CONTROL[2] ; RESULT[0]   ; 6.436 ; 6.436 ; 6.436 ; 6.436 ;
; CONTROL[2] ; RESULT[1]   ; 6.587 ; 6.587 ; 6.587 ; 6.587 ;
; CONTROL[2] ; RESULT[2]   ; 6.913 ; 6.913 ; 6.913 ; 6.913 ;
; CONTROL[2] ; RESULT[3]   ; 7.077 ; 7.077 ; 7.077 ; 7.077 ;
; CONTROL[2] ; RESULT[4]   ; 7.035 ; 7.035 ; 7.035 ; 7.035 ;
; CONTROL[2] ; RESULT[5]   ; 6.624 ; 6.624 ; 6.624 ; 6.624 ;
; CONTROL[2] ; RESULT[6]   ; 7.076 ; 7.076 ; 7.076 ; 7.076 ;
; CONTROL[2] ; RESULT[7]   ; 7.056 ; 7.056 ; 7.056 ; 7.056 ;
; CONTROL[2] ; ZERO        ; 7.774 ; 7.774 ; 7.774 ; 7.774 ;
; CONTROL[3] ; RESULT[0]   ; 5.862 ; 5.782 ; 5.782 ; 5.862 ;
; CONTROL[3] ; RESULT[1]   ; 5.759 ; 5.879 ; 5.879 ; 5.759 ;
; CONTROL[3] ; RESULT[2]   ; 5.734 ; 5.782 ; 5.782 ; 5.734 ;
; CONTROL[3] ; RESULT[3]   ; 5.879 ; 5.799 ; 5.799 ; 5.879 ;
; CONTROL[3] ; RESULT[4]   ; 5.855 ; 5.771 ; 5.771 ; 5.855 ;
; CONTROL[3] ; RESULT[5]   ; 6.169 ; 6.169 ; 6.169 ; 6.169 ;
; CONTROL[3] ; RESULT[6]   ; 5.560 ; 5.662 ; 5.662 ; 5.560 ;
; CONTROL[3] ; RESULT[7]   ; 5.457 ; 5.688 ; 5.688 ; 5.457 ;
; CONTROL[3] ; ZERO        ; 6.720 ; 6.720 ; 6.720 ; 6.720 ;
; SRC1[0]    ; RESULT[0]   ; 4.715 ; 4.942 ; 4.942 ; 4.715 ;
; SRC1[0]    ; RESULT[1]   ; 4.889 ; 4.904 ; 4.904 ; 4.889 ;
; SRC1[0]    ; RESULT[2]   ; 5.165 ; 5.165 ; 5.165 ; 5.165 ;
; SRC1[0]    ; RESULT[3]   ; 5.237 ; 5.237 ; 5.237 ; 5.237 ;
; SRC1[0]    ; RESULT[4]   ; 5.195 ; 5.195 ; 5.195 ; 5.195 ;
; SRC1[0]    ; RESULT[5]   ; 4.784 ; 4.784 ; 4.784 ; 4.784 ;
; SRC1[0]    ; RESULT[6]   ; 5.236 ; 5.236 ; 5.236 ; 5.236 ;
; SRC1[0]    ; RESULT[7]   ; 5.216 ; 5.216 ; 5.216 ; 5.216 ;
; SRC1[0]    ; ZERO        ; 5.934 ; 5.934 ; 5.934 ; 5.934 ;
; SRC1[1]    ; RESULT[0]   ;       ; 6.697 ; 6.697 ;       ;
; SRC1[1]    ; RESULT[1]   ; 6.238 ; 6.659 ; 6.659 ; 6.238 ;
; SRC1[1]    ; RESULT[2]   ; 6.617 ; 6.821 ; 6.821 ; 6.617 ;
; SRC1[1]    ; RESULT[3]   ; 6.689 ; 6.731 ; 6.731 ; 6.689 ;
; SRC1[1]    ; RESULT[4]   ; 6.647 ; 6.678 ; 6.678 ; 6.647 ;
; SRC1[1]    ; RESULT[5]   ; 6.236 ; 6.327 ; 6.327 ; 6.236 ;
; SRC1[1]    ; RESULT[6]   ; 6.688 ; 6.688 ; 6.688 ; 6.688 ;
; SRC1[1]    ; RESULT[7]   ; 6.668 ; 6.668 ; 6.668 ; 6.668 ;
; SRC1[1]    ; ZERO        ; 7.428 ; 7.386 ; 7.386 ; 7.428 ;
; SRC1[2]    ; RESULT[0]   ;       ; 6.527 ; 6.527 ;       ;
; SRC1[2]    ; RESULT[1]   ;       ; 6.489 ; 6.489 ;       ;
; SRC1[2]    ; RESULT[2]   ; 6.350 ; 6.651 ; 6.651 ; 6.350 ;
; SRC1[2]    ; RESULT[3]   ; 6.525 ; 6.561 ; 6.561 ; 6.525 ;
; SRC1[2]    ; RESULT[4]   ; 6.483 ; 6.508 ; 6.508 ; 6.483 ;
; SRC1[2]    ; RESULT[5]   ; 6.072 ; 6.157 ; 6.157 ; 6.072 ;
; SRC1[2]    ; RESULT[6]   ; 6.524 ; 6.524 ; 6.524 ; 6.524 ;
; SRC1[2]    ; RESULT[7]   ; 6.504 ; 6.504 ; 6.504 ; 6.504 ;
; SRC1[2]    ; ZERO        ; 7.258 ; 7.222 ; 7.222 ; 7.258 ;
; SRC1[3]    ; RESULT[0]   ;       ; 6.611 ; 6.611 ;       ;
; SRC1[3]    ; RESULT[1]   ;       ; 6.573 ; 6.573 ;       ;
; SRC1[3]    ; RESULT[2]   ;       ; 6.735 ; 6.735 ;       ;
; SRC1[3]    ; RESULT[3]   ; 6.485 ; 6.645 ; 6.645 ; 6.485 ;
; SRC1[3]    ; RESULT[4]   ; 6.546 ; 6.592 ; 6.592 ; 6.546 ;
; SRC1[3]    ; RESULT[5]   ; 6.135 ; 6.241 ; 6.241 ; 6.135 ;
; SRC1[3]    ; RESULT[6]   ; 6.587 ; 6.587 ; 6.587 ; 6.587 ;
; SRC1[3]    ; RESULT[7]   ; 6.567 ; 6.567 ; 6.567 ; 6.567 ;
; SRC1[3]    ; ZERO        ; 7.342 ; 7.182 ; 7.182 ; 7.342 ;
; SRC1[4]    ; RESULT[0]   ;       ; 6.623 ; 6.623 ;       ;
; SRC1[4]    ; RESULT[1]   ;       ; 6.585 ; 6.585 ;       ;
; SRC1[4]    ; RESULT[2]   ;       ; 6.747 ; 6.747 ;       ;
; SRC1[4]    ; RESULT[3]   ;       ; 6.657 ; 6.657 ;       ;
; SRC1[4]    ; RESULT[4]   ; 6.463 ; 6.604 ; 6.604 ; 6.463 ;
; SRC1[4]    ; RESULT[5]   ; 6.155 ; 6.253 ; 6.253 ; 6.155 ;
; SRC1[4]    ; RESULT[6]   ; 6.607 ; 6.607 ; 6.607 ; 6.607 ;
; SRC1[4]    ; RESULT[7]   ; 6.587 ; 6.587 ; 6.587 ; 6.587 ;
; SRC1[4]    ; ZERO        ; 7.354 ; 6.984 ; 6.984 ; 7.354 ;
; SRC1[5]    ; RESULT[0]   ;       ; 6.540 ; 6.540 ;       ;
; SRC1[5]    ; RESULT[1]   ;       ; 6.502 ; 6.502 ;       ;
; SRC1[5]    ; RESULT[2]   ;       ; 6.664 ; 6.664 ;       ;
; SRC1[5]    ; RESULT[3]   ;       ; 6.574 ; 6.574 ;       ;
; SRC1[5]    ; RESULT[4]   ;       ; 6.521 ; 6.521 ;       ;
; SRC1[5]    ; RESULT[5]   ; 5.970 ; 6.170 ; 6.170 ; 5.970 ;
; SRC1[5]    ; RESULT[6]   ; 6.527 ; 6.527 ; 6.527 ; 6.527 ;
; SRC1[5]    ; RESULT[7]   ; 6.507 ; 6.507 ; 6.507 ; 6.507 ;
; SRC1[5]    ; ZERO        ; 7.271 ; 6.844 ; 6.844 ; 7.271 ;
; SRC1[6]    ; RESULT[0]   ;       ; 6.561 ; 6.561 ;       ;
; SRC1[6]    ; RESULT[1]   ;       ; 6.523 ; 6.523 ;       ;
; SRC1[6]    ; RESULT[2]   ;       ; 6.685 ; 6.685 ;       ;
; SRC1[6]    ; RESULT[3]   ;       ; 6.595 ; 6.595 ;       ;
; SRC1[6]    ; RESULT[4]   ;       ; 6.542 ; 6.542 ;       ;
; SRC1[6]    ; RESULT[5]   ;       ; 6.191 ; 6.191 ;       ;
; SRC1[6]    ; RESULT[6]   ; 6.305 ; 6.374 ; 6.374 ; 6.305 ;
; SRC1[6]    ; RESULT[7]   ; 6.388 ; 6.444 ; 6.444 ; 6.388 ;
; SRC1[6]    ; ZERO        ; 7.292 ; 6.622 ; 6.622 ; 7.292 ;
; SRC1[7]    ; RESULT[0]   ;       ; 6.223 ; 6.223 ;       ;
; SRC1[7]    ; RESULT[1]   ;       ; 6.185 ; 6.185 ;       ;
; SRC1[7]    ; RESULT[2]   ;       ; 6.347 ; 6.347 ;       ;
; SRC1[7]    ; RESULT[3]   ;       ; 6.257 ; 6.257 ;       ;
; SRC1[7]    ; RESULT[4]   ;       ; 6.204 ; 6.204 ;       ;
; SRC1[7]    ; RESULT[5]   ;       ; 5.853 ; 5.853 ;       ;
; SRC1[7]    ; RESULT[6]   ;       ; 6.036 ; 6.036 ;       ;
; SRC1[7]    ; RESULT[7]   ; 6.068 ; 6.106 ; 6.106 ; 6.068 ;
; SRC1[7]    ; ZERO        ; 6.954 ; 6.219 ; 6.219 ; 6.954 ;
; SRC2[0]    ; RESULT[0]   ; 5.018 ; 4.594 ; 4.594 ; 5.018 ;
; SRC2[0]    ; RESULT[1]   ; 4.980 ; 4.766 ; 4.766 ; 4.980 ;
; SRC2[0]    ; RESULT[2]   ; 5.142 ; 5.042 ; 5.042 ; 5.142 ;
; SRC2[0]    ; RESULT[3]   ; 5.114 ; 5.114 ; 5.114 ; 5.114 ;
; SRC2[0]    ; RESULT[4]   ; 5.072 ; 5.072 ; 5.072 ; 5.072 ;
; SRC2[0]    ; RESULT[5]   ; 4.661 ; 4.661 ; 4.661 ; 4.661 ;
; SRC2[0]    ; RESULT[6]   ; 5.113 ; 5.113 ; 5.113 ; 5.113 ;
; SRC2[0]    ; RESULT[7]   ; 5.093 ; 5.093 ; 5.093 ; 5.093 ;
; SRC2[0]    ; ZERO        ; 5.811 ; 5.811 ; 5.811 ; 5.811 ;
; SRC2[1]    ; RESULT[0]   ; 6.779 ;       ;       ; 6.779 ;
; SRC2[1]    ; RESULT[1]   ; 6.741 ; 6.455 ; 6.455 ; 6.741 ;
; SRC2[1]    ; RESULT[2]   ; 6.903 ; 6.836 ; 6.836 ; 6.903 ;
; SRC2[1]    ; RESULT[3]   ; 6.908 ; 6.908 ; 6.908 ; 6.908 ;
; SRC2[1]    ; RESULT[4]   ; 6.866 ; 6.866 ; 6.866 ; 6.866 ;
; SRC2[1]    ; RESULT[5]   ; 6.455 ; 6.455 ; 6.455 ; 6.455 ;
; SRC2[1]    ; RESULT[6]   ; 6.907 ; 6.907 ; 6.907 ; 6.907 ;
; SRC2[1]    ; RESULT[7]   ; 6.887 ; 6.887 ; 6.887 ; 6.887 ;
; SRC2[1]    ; ZERO        ; 7.605 ; 7.605 ; 7.605 ; 7.605 ;
; SRC2[2]    ; RESULT[0]   ; 6.667 ;       ;       ; 6.667 ;
; SRC2[2]    ; RESULT[1]   ; 6.629 ;       ;       ; 6.629 ;
; SRC2[2]    ; RESULT[2]   ; 6.791 ; 6.741 ; 6.741 ; 6.791 ;
; SRC2[2]    ; RESULT[3]   ; 6.918 ; 6.918 ; 6.918 ; 6.918 ;
; SRC2[2]    ; RESULT[4]   ; 6.876 ; 6.876 ; 6.876 ; 6.876 ;
; SRC2[2]    ; RESULT[5]   ; 6.465 ; 6.465 ; 6.465 ; 6.465 ;
; SRC2[2]    ; RESULT[6]   ; 6.917 ; 6.917 ; 6.917 ; 6.917 ;
; SRC2[2]    ; RESULT[7]   ; 6.897 ; 6.897 ; 6.897 ; 6.897 ;
; SRC2[2]    ; ZERO        ; 7.615 ; 7.615 ; 7.615 ; 7.615 ;
; SRC2[3]    ; RESULT[0]   ; 6.483 ;       ;       ; 6.483 ;
; SRC2[3]    ; RESULT[1]   ; 6.445 ;       ;       ; 6.445 ;
; SRC2[3]    ; RESULT[2]   ; 6.607 ;       ;       ; 6.607 ;
; SRC2[3]    ; RESULT[3]   ; 6.548 ; 6.548 ; 6.548 ; 6.548 ;
; SRC2[3]    ; RESULT[4]   ; 6.611 ; 6.611 ; 6.611 ; 6.611 ;
; SRC2[3]    ; RESULT[5]   ; 6.200 ; 6.200 ; 6.200 ; 6.200 ;
; SRC2[3]    ; RESULT[6]   ; 6.652 ; 6.652 ; 6.652 ; 6.652 ;
; SRC2[3]    ; RESULT[7]   ; 6.632 ; 6.632 ; 6.632 ; 6.632 ;
; SRC2[3]    ; ZERO        ; 7.245 ; 7.245 ; 7.245 ; 7.245 ;
; SRC2[4]    ; RESULT[0]   ; 6.742 ;       ;       ; 6.742 ;
; SRC2[4]    ; RESULT[1]   ; 6.704 ;       ;       ; 6.704 ;
; SRC2[4]    ; RESULT[2]   ; 6.866 ;       ;       ; 6.866 ;
; SRC2[4]    ; RESULT[3]   ; 6.776 ;       ;       ; 6.776 ;
; SRC2[4]    ; RESULT[4]   ; 6.723 ; 6.665 ; 6.665 ; 6.723 ;
; SRC2[4]    ; RESULT[5]   ; 6.372 ; 6.359 ; 6.359 ; 6.372 ;
; SRC2[4]    ; RESULT[6]   ; 6.811 ; 6.811 ; 6.811 ; 6.811 ;
; SRC2[4]    ; RESULT[7]   ; 6.791 ; 6.791 ; 6.791 ; 6.791 ;
; SRC2[4]    ; ZERO        ; 7.186 ; 7.473 ; 7.473 ; 7.186 ;
; SRC2[5]    ; RESULT[0]   ; 6.576 ;       ;       ; 6.576 ;
; SRC2[5]    ; RESULT[1]   ; 6.538 ;       ;       ; 6.538 ;
; SRC2[5]    ; RESULT[2]   ; 6.700 ;       ;       ; 6.700 ;
; SRC2[5]    ; RESULT[3]   ; 6.610 ;       ;       ; 6.610 ;
; SRC2[5]    ; RESULT[4]   ; 6.557 ;       ;       ; 6.557 ;
; SRC2[5]    ; RESULT[5]   ; 6.300 ; 6.300 ; 6.300 ; 6.300 ;
; SRC2[5]    ; RESULT[6]   ; 6.855 ; 6.855 ; 6.855 ; 6.855 ;
; SRC2[5]    ; RESULT[7]   ; 6.835 ; 6.835 ; 6.835 ; 6.835 ;
; SRC2[5]    ; ZERO        ; 7.172 ; 7.307 ; 7.307 ; 7.172 ;
; SRC2[6]    ; RESULT[0]   ; 6.492 ;       ;       ; 6.492 ;
; SRC2[6]    ; RESULT[1]   ; 6.454 ;       ;       ; 6.454 ;
; SRC2[6]    ; RESULT[2]   ; 6.616 ;       ;       ; 6.616 ;
; SRC2[6]    ; RESULT[3]   ; 6.526 ;       ;       ; 6.526 ;
; SRC2[6]    ; RESULT[4]   ; 6.473 ;       ;       ; 6.473 ;
; SRC2[6]    ; RESULT[5]   ; 6.122 ;       ;       ; 6.122 ;
; SRC2[6]    ; RESULT[6]   ; 6.561 ; 6.561 ; 6.561 ; 6.561 ;
; SRC2[6]    ; RESULT[7]   ; 6.646 ; 6.646 ; 6.646 ; 6.646 ;
; SRC2[6]    ; ZERO        ; 6.878 ; 7.223 ; 7.223 ; 6.878 ;
; SRC2[7]    ; RESULT[0]   ; 6.119 ;       ;       ; 6.119 ;
; SRC2[7]    ; RESULT[1]   ; 6.081 ;       ;       ; 6.081 ;
; SRC2[7]    ; RESULT[2]   ; 6.243 ;       ;       ; 6.243 ;
; SRC2[7]    ; RESULT[3]   ; 6.153 ;       ;       ; 6.153 ;
; SRC2[7]    ; RESULT[4]   ; 6.100 ;       ;       ; 6.100 ;
; SRC2[7]    ; RESULT[5]   ; 5.749 ;       ;       ; 5.749 ;
; SRC2[7]    ; RESULT[6]   ; 5.932 ;       ;       ; 5.932 ;
; SRC2[7]    ; RESULT[7]   ; 6.377 ; 6.377 ; 6.377 ; 6.377 ;
; SRC2[7]    ; ZERO        ; 6.528 ; 6.850 ; 6.850 ; 6.528 ;
+------------+-------------+-------+-------+-------+-------+


+----------------------------------------------------------+
; Minimum Propagation Delay                                ;
+------------+-------------+-------+-------+-------+-------+
; Input Port ; Output Port ; RR    ; RF    ; FR    ; FF    ;
+------------+-------------+-------+-------+-------+-------+
; CONTROL[0] ; RESULT[0]   ; 5.899 ; 5.791 ; 5.791 ; 5.899 ;
; CONTROL[0] ; RESULT[1]   ; 6.101 ; 5.771 ; 5.771 ; 6.101 ;
; CONTROL[0] ; RESULT[2]   ; 6.144 ; 5.746 ; 5.746 ; 6.144 ;
; CONTROL[0] ; RESULT[3]   ; 6.039 ; 5.808 ; 5.808 ; 6.039 ;
; CONTROL[0] ; RESULT[4]   ; 5.926 ; 5.780 ; 5.780 ; 5.926 ;
; CONTROL[0] ; RESULT[5]   ; 5.903 ; 5.799 ; 5.799 ; 5.903 ;
; CONTROL[0] ; RESULT[6]   ; 5.666 ; 5.572 ; 5.572 ; 5.666 ;
; CONTROL[0] ; RESULT[7]   ; 5.896 ; 5.469 ; 5.469 ; 5.896 ;
; CONTROL[0] ; ZERO        ; 5.620 ; 5.983 ; 5.983 ; 5.620 ;
; CONTROL[1] ; RESULT[0]   ; 5.838 ; 5.738 ; 5.738 ; 5.838 ;
; CONTROL[1] ; RESULT[1]   ; 6.040 ; 5.710 ; 5.710 ; 6.040 ;
; CONTROL[1] ; RESULT[2]   ; 6.083 ; 5.685 ; 5.685 ; 6.083 ;
; CONTROL[1] ; RESULT[3]   ; 5.978 ; 5.755 ; 5.755 ; 5.978 ;
; CONTROL[1] ; RESULT[4]   ; 5.865 ; 5.727 ; 5.727 ; 5.865 ;
; CONTROL[1] ; RESULT[5]   ; 5.848 ; 5.746 ; 5.746 ; 5.848 ;
; CONTROL[1] ; RESULT[6]   ; 5.605 ; 5.511 ; 5.511 ; 5.605 ;
; CONTROL[1] ; RESULT[7]   ; 5.835 ; 5.408 ; 5.408 ; 5.835 ;
; CONTROL[1] ; ZERO        ; 5.559 ; 5.922 ; 5.922 ; 5.559 ;
; CONTROL[2] ; RESULT[0]   ; 5.821 ; 5.922 ; 5.922 ; 5.821 ;
; CONTROL[2] ; RESULT[1]   ; 5.823 ; 6.124 ; 6.124 ; 5.823 ;
; CONTROL[2] ; RESULT[2]   ; 5.798 ; 6.167 ; 6.167 ; 5.798 ;
; CONTROL[2] ; RESULT[3]   ; 5.838 ; 6.062 ; 6.062 ; 5.838 ;
; CONTROL[2] ; RESULT[4]   ; 5.810 ; 5.949 ; 5.949 ; 5.810 ;
; CONTROL[2] ; RESULT[5]   ; 5.829 ; 5.932 ; 5.932 ; 5.829 ;
; CONTROL[2] ; RESULT[6]   ; 5.624 ; 5.689 ; 5.689 ; 5.624 ;
; CONTROL[2] ; RESULT[7]   ; 5.521 ; 5.919 ; 5.919 ; 5.521 ;
; CONTROL[2] ; ZERO        ; 6.006 ; 5.672 ; 5.672 ; 6.006 ;
; CONTROL[3] ; RESULT[0]   ; 5.862 ; 5.782 ; 5.782 ; 5.862 ;
; CONTROL[3] ; RESULT[1]   ; 5.759 ; 5.879 ; 5.879 ; 5.759 ;
; CONTROL[3] ; RESULT[2]   ; 5.734 ; 5.782 ; 5.782 ; 5.734 ;
; CONTROL[3] ; RESULT[3]   ; 5.879 ; 5.799 ; 5.799 ; 5.879 ;
; CONTROL[3] ; RESULT[4]   ; 5.855 ; 5.771 ; 5.771 ; 5.855 ;
; CONTROL[3] ; RESULT[5]   ; 6.161 ; 5.790 ; 5.790 ; 6.161 ;
; CONTROL[3] ; RESULT[6]   ; 5.560 ; 5.662 ; 5.662 ; 5.560 ;
; CONTROL[3] ; RESULT[7]   ; 5.457 ; 5.688 ; 5.688 ; 5.457 ;
; CONTROL[3] ; ZERO        ; 5.839 ; 5.608 ; 5.608 ; 5.839 ;
; SRC1[0]    ; RESULT[0]   ; 3.879 ; 3.997 ; 3.997 ; 3.879 ;
; SRC1[0]    ; RESULT[1]   ; 4.889 ; 4.889 ; 4.889 ; 4.889 ;
; SRC1[0]    ; RESULT[2]   ; 5.165 ; 5.066 ; 5.066 ; 5.165 ;
; SRC1[0]    ; RESULT[3]   ; 5.237 ; 4.976 ; 4.976 ; 5.237 ;
; SRC1[0]    ; RESULT[4]   ; 5.195 ; 4.923 ; 4.923 ; 5.195 ;
; SRC1[0]    ; RESULT[5]   ; 4.784 ; 4.572 ; 4.572 ; 4.784 ;
; SRC1[0]    ; RESULT[6]   ; 5.236 ; 4.755 ; 4.755 ; 5.236 ;
; SRC1[0]    ; RESULT[7]   ; 5.216 ; 4.825 ; 4.825 ; 5.216 ;
; SRC1[0]    ; ZERO        ; 4.497 ; 4.379 ; 4.379 ; 4.497 ;
; SRC1[1]    ; RESULT[0]   ;       ; 6.697 ; 6.697 ;       ;
; SRC1[1]    ; RESULT[1]   ; 5.635 ; 5.712 ; 5.712 ; 5.635 ;
; SRC1[1]    ; RESULT[2]   ; 6.617 ; 6.617 ; 6.617 ; 6.617 ;
; SRC1[1]    ; RESULT[3]   ; 6.689 ; 6.689 ; 6.689 ; 6.689 ;
; SRC1[1]    ; RESULT[4]   ; 6.647 ; 6.647 ; 6.647 ; 6.647 ;
; SRC1[1]    ; RESULT[5]   ; 6.236 ; 6.236 ; 6.236 ; 6.236 ;
; SRC1[1]    ; RESULT[6]   ; 6.688 ; 6.510 ; 6.510 ; 6.688 ;
; SRC1[1]    ; RESULT[7]   ; 6.668 ; 6.580 ; 6.580 ; 6.668 ;
; SRC1[1]    ; ZERO        ; 6.318 ; 6.241 ; 6.241 ; 6.318 ;
; SRC1[2]    ; RESULT[0]   ;       ; 6.527 ; 6.527 ;       ;
; SRC1[2]    ; RESULT[1]   ;       ; 6.489 ; 6.489 ;       ;
; SRC1[2]    ; RESULT[2]   ; 5.517 ; 5.526 ; 5.526 ; 5.517 ;
; SRC1[2]    ; RESULT[3]   ; 6.525 ; 6.525 ; 6.525 ; 6.525 ;
; SRC1[2]    ; RESULT[4]   ; 6.483 ; 6.483 ; 6.483 ; 6.483 ;
; SRC1[2]    ; RESULT[5]   ; 6.072 ; 6.072 ; 6.072 ; 6.072 ;
; SRC1[2]    ; RESULT[6]   ; 6.524 ; 6.340 ; 6.340 ; 6.524 ;
; SRC1[2]    ; RESULT[7]   ; 6.504 ; 6.410 ; 6.410 ; 6.504 ;
; SRC1[2]    ; ZERO        ; 6.079 ; 6.070 ; 6.070 ; 6.079 ;
; SRC1[3]    ; RESULT[0]   ;       ; 6.611 ; 6.611 ;       ;
; SRC1[3]    ; RESULT[1]   ;       ; 6.573 ; 6.573 ;       ;
; SRC1[3]    ; RESULT[2]   ;       ; 6.735 ; 6.735 ;       ;
; SRC1[3]    ; RESULT[3]   ; 5.499 ; 5.616 ; 5.616 ; 5.499 ;
; SRC1[3]    ; RESULT[4]   ; 6.546 ; 6.546 ; 6.546 ; 6.546 ;
; SRC1[3]    ; RESULT[5]   ; 6.135 ; 6.135 ; 6.135 ; 6.135 ;
; SRC1[3]    ; RESULT[6]   ; 6.587 ; 6.424 ; 6.424 ; 6.587 ;
; SRC1[3]    ; RESULT[7]   ; 6.567 ; 6.494 ; 6.494 ; 6.567 ;
; SRC1[3]    ; ZERO        ; 6.313 ; 6.196 ; 6.196 ; 6.313 ;
; SRC1[4]    ; RESULT[0]   ;       ; 6.623 ; 6.623 ;       ;
; SRC1[4]    ; RESULT[1]   ;       ; 6.585 ; 6.585 ;       ;
; SRC1[4]    ; RESULT[2]   ;       ; 6.747 ; 6.747 ;       ;
; SRC1[4]    ; RESULT[3]   ;       ; 6.657 ; 6.657 ;       ;
; SRC1[4]    ; RESULT[4]   ; 5.525 ; 5.651 ; 5.651 ; 5.525 ;
; SRC1[4]    ; RESULT[5]   ; 6.155 ; 6.155 ; 6.155 ; 6.155 ;
; SRC1[4]    ; RESULT[6]   ; 6.607 ; 6.436 ; 6.436 ; 6.607 ;
; SRC1[4]    ; RESULT[7]   ; 6.587 ; 6.506 ; 6.506 ; 6.587 ;
; SRC1[4]    ; ZERO        ; 6.172 ; 6.046 ; 6.046 ; 6.172 ;
; SRC1[5]    ; RESULT[0]   ;       ; 6.540 ; 6.540 ;       ;
; SRC1[5]    ; RESULT[1]   ;       ; 6.502 ; 6.502 ;       ;
; SRC1[5]    ; RESULT[2]   ;       ; 6.664 ; 6.664 ;       ;
; SRC1[5]    ; RESULT[3]   ;       ; 6.574 ; 6.574 ;       ;
; SRC1[5]    ; RESULT[4]   ;       ; 6.521 ; 6.521 ;       ;
; SRC1[5]    ; RESULT[5]   ; 5.621 ; 5.621 ; 5.621 ; 5.621 ;
; SRC1[5]    ; RESULT[6]   ; 6.527 ; 6.353 ; 6.353 ; 6.527 ;
; SRC1[5]    ; RESULT[7]   ; 6.507 ; 6.423 ; 6.423 ; 6.507 ;
; SRC1[5]    ; ZERO        ; 6.172 ; 6.172 ; 6.172 ; 6.172 ;
; SRC1[6]    ; RESULT[0]   ;       ; 6.561 ; 6.561 ;       ;
; SRC1[6]    ; RESULT[1]   ;       ; 6.523 ; 6.523 ;       ;
; SRC1[6]    ; RESULT[2]   ;       ; 6.685 ; 6.685 ;       ;
; SRC1[6]    ; RESULT[3]   ;       ; 6.595 ; 6.595 ;       ;
; SRC1[6]    ; RESULT[4]   ;       ; 6.542 ; 6.542 ;       ;
; SRC1[6]    ; RESULT[5]   ;       ; 6.191 ; 6.191 ;       ;
; SRC1[6]    ; RESULT[6]   ; 5.172 ; 5.289 ; 5.289 ; 5.172 ;
; SRC1[6]    ; RESULT[7]   ; 6.388 ; 6.388 ; 6.388 ; 6.388 ;
; SRC1[6]    ; ZERO        ; 5.606 ; 5.489 ; 5.489 ; 5.606 ;
; SRC1[7]    ; RESULT[0]   ;       ; 6.223 ; 6.223 ;       ;
; SRC1[7]    ; RESULT[1]   ;       ; 6.185 ; 6.185 ;       ;
; SRC1[7]    ; RESULT[2]   ;       ; 6.347 ; 6.347 ;       ;
; SRC1[7]    ; RESULT[3]   ;       ; 6.257 ; 6.257 ;       ;
; SRC1[7]    ; RESULT[4]   ;       ; 6.204 ; 6.204 ;       ;
; SRC1[7]    ; RESULT[5]   ;       ; 5.853 ; 5.853 ;       ;
; SRC1[7]    ; RESULT[6]   ;       ; 6.036 ; 6.036 ;       ;
; SRC1[7]    ; RESULT[7]   ; 5.278 ; 5.263 ; 5.263 ; 5.278 ;
; SRC1[7]    ; ZERO        ; 5.414 ; 5.429 ; 5.429 ; 5.414 ;
; SRC2[0]    ; RESULT[0]   ; 3.741 ; 3.859 ; 3.859 ; 3.741 ;
; SRC2[0]    ; RESULT[1]   ; 4.766 ; 4.766 ; 4.766 ; 4.766 ;
; SRC2[0]    ; RESULT[2]   ; 5.042 ; 5.042 ; 5.042 ; 5.042 ;
; SRC2[0]    ; RESULT[3]   ; 5.052 ; 5.114 ; 5.114 ; 5.052 ;
; SRC2[0]    ; RESULT[4]   ; 4.999 ; 5.072 ; 5.072 ; 4.999 ;
; SRC2[0]    ; RESULT[5]   ; 4.648 ; 4.661 ; 4.661 ; 4.648 ;
; SRC2[0]    ; RESULT[6]   ; 4.831 ; 5.113 ; 5.113 ; 4.831 ;
; SRC2[0]    ; RESULT[7]   ; 4.901 ; 5.093 ; 5.093 ; 4.901 ;
; SRC2[0]    ; ZERO        ; 4.359 ; 4.241 ; 4.241 ; 4.359 ;
; SRC2[1]    ; RESULT[0]   ; 6.779 ;       ;       ; 6.779 ;
; SRC2[1]    ; RESULT[1]   ; 5.688 ; 5.767 ; 5.767 ; 5.688 ;
; SRC2[1]    ; RESULT[2]   ; 6.836 ; 6.836 ; 6.836 ; 6.836 ;
; SRC2[1]    ; RESULT[3]   ; 6.813 ; 6.908 ; 6.908 ; 6.813 ;
; SRC2[1]    ; RESULT[4]   ; 6.760 ; 6.866 ; 6.866 ; 6.760 ;
; SRC2[1]    ; RESULT[5]   ; 6.409 ; 6.455 ; 6.455 ; 6.409 ;
; SRC2[1]    ; RESULT[6]   ; 6.592 ; 6.907 ; 6.907 ; 6.592 ;
; SRC2[1]    ; RESULT[7]   ; 6.662 ; 6.887 ; 6.887 ; 6.662 ;
; SRC2[1]    ; ZERO        ; 6.373 ; 6.294 ; 6.294 ; 6.373 ;
; SRC2[2]    ; RESULT[0]   ; 6.667 ;       ;       ; 6.667 ;
; SRC2[2]    ; RESULT[1]   ; 6.629 ;       ;       ; 6.629 ;
; SRC2[2]    ; RESULT[2]   ; 5.630 ; 5.642 ; 5.642 ; 5.630 ;
; SRC2[2]    ; RESULT[3]   ; 6.701 ; 6.918 ; 6.918 ; 6.701 ;
; SRC2[2]    ; RESULT[4]   ; 6.648 ; 6.876 ; 6.876 ; 6.648 ;
; SRC2[2]    ; RESULT[5]   ; 6.297 ; 6.465 ; 6.465 ; 6.297 ;
; SRC2[2]    ; RESULT[6]   ; 6.480 ; 6.917 ; 6.917 ; 6.480 ;
; SRC2[2]    ; RESULT[7]   ; 6.550 ; 6.897 ; 6.897 ; 6.550 ;
; SRC2[2]    ; ZERO        ; 6.195 ; 6.183 ; 6.183 ; 6.195 ;
; SRC2[3]    ; RESULT[0]   ; 6.483 ;       ;       ; 6.483 ;
; SRC2[3]    ; RESULT[1]   ; 6.445 ;       ;       ; 6.445 ;
; SRC2[3]    ; RESULT[2]   ; 6.607 ;       ;       ; 6.607 ;
; SRC2[3]    ; RESULT[3]   ; 5.510 ; 5.627 ; 5.627 ; 5.510 ;
; SRC2[3]    ; RESULT[4]   ; 6.464 ; 6.611 ; 6.611 ; 6.464 ;
; SRC2[3]    ; RESULT[5]   ; 6.113 ; 6.200 ; 6.200 ; 6.113 ;
; SRC2[3]    ; RESULT[6]   ; 6.296 ; 6.652 ; 6.652 ; 6.296 ;
; SRC2[3]    ; RESULT[7]   ; 6.366 ; 6.632 ; 6.632 ; 6.366 ;
; SRC2[3]    ; ZERO        ; 6.324 ; 6.207 ; 6.207 ; 6.324 ;
; SRC2[4]    ; RESULT[0]   ; 6.742 ;       ;       ; 6.742 ;
; SRC2[4]    ; RESULT[1]   ; 6.704 ;       ;       ; 6.704 ;
; SRC2[4]    ; RESULT[2]   ; 6.866 ;       ;       ; 6.866 ;
; SRC2[4]    ; RESULT[3]   ; 6.776 ;       ;       ; 6.776 ;
; SRC2[4]    ; RESULT[4]   ; 5.540 ; 5.669 ; 5.669 ; 5.540 ;
; SRC2[4]    ; RESULT[5]   ; 6.359 ; 6.359 ; 6.359 ; 6.359 ;
; SRC2[4]    ; RESULT[6]   ; 6.555 ; 6.811 ; 6.811 ; 6.555 ;
; SRC2[4]    ; RESULT[7]   ; 6.625 ; 6.791 ; 6.791 ; 6.625 ;
; SRC2[4]    ; ZERO        ; 6.190 ; 6.061 ; 6.061 ; 6.190 ;
; SRC2[5]    ; RESULT[0]   ; 6.576 ;       ;       ; 6.576 ;
; SRC2[5]    ; RESULT[1]   ; 6.538 ;       ;       ; 6.538 ;
; SRC2[5]    ; RESULT[2]   ; 6.700 ;       ;       ; 6.700 ;
; SRC2[5]    ; RESULT[3]   ; 6.610 ;       ;       ; 6.610 ;
; SRC2[5]    ; RESULT[4]   ; 6.557 ;       ;       ; 6.557 ;
; SRC2[5]    ; RESULT[5]   ; 5.704 ; 5.704 ; 5.704 ; 5.704 ;
; SRC2[5]    ; RESULT[6]   ; 6.389 ; 6.855 ; 6.855 ; 6.389 ;
; SRC2[5]    ; RESULT[7]   ; 6.459 ; 6.835 ; 6.835 ; 6.459 ;
; SRC2[5]    ; ZERO        ; 6.255 ; 6.255 ; 6.255 ; 6.255 ;
; SRC2[6]    ; RESULT[0]   ; 6.492 ;       ;       ; 6.492 ;
; SRC2[6]    ; RESULT[1]   ; 6.454 ;       ;       ; 6.454 ;
; SRC2[6]    ; RESULT[2]   ; 6.616 ;       ;       ; 6.616 ;
; SRC2[6]    ; RESULT[3]   ; 6.526 ;       ;       ; 6.526 ;
; SRC2[6]    ; RESULT[4]   ; 6.473 ;       ;       ; 6.473 ;
; SRC2[6]    ; RESULT[5]   ; 6.122 ;       ;       ; 6.122 ;
; SRC2[6]    ; RESULT[6]   ; 5.487 ; 5.535 ; 5.535 ; 5.487 ;
; SRC2[6]    ; RESULT[7]   ; 6.375 ; 6.646 ; 6.646 ; 6.375 ;
; SRC2[6]    ; ZERO        ; 5.852 ; 5.804 ; 5.804 ; 5.852 ;
; SRC2[7]    ; RESULT[0]   ; 6.119 ;       ;       ; 6.119 ;
; SRC2[7]    ; RESULT[1]   ; 6.081 ;       ;       ; 6.081 ;
; SRC2[7]    ; RESULT[2]   ; 6.243 ;       ;       ; 6.243 ;
; SRC2[7]    ; RESULT[3]   ; 6.153 ;       ;       ; 6.153 ;
; SRC2[7]    ; RESULT[4]   ; 6.100 ;       ;       ; 6.100 ;
; SRC2[7]    ; RESULT[5]   ; 5.749 ;       ;       ; 5.749 ;
; SRC2[7]    ; RESULT[6]   ; 5.932 ;       ;       ; 5.932 ;
; SRC2[7]    ; RESULT[7]   ; 5.424 ; 5.345 ; 5.345 ; 5.424 ;
; SRC2[7]    ; ZERO        ; 5.496 ; 5.575 ; 5.575 ; 5.496 ;
+------------+-------------+-------+-------+-------+-------+


+----------------------------------------------------------------------------+
; Multicorner Timing Analysis Summary                                        ;
+------------------+-------+------+----------+---------+---------------------+
; Clock            ; Setup ; Hold ; Recovery ; Removal ; Minimum Pulse Width ;
+------------------+-------+------+----------+---------+---------------------+
; Worst-case Slack ; N/A   ; N/A  ; N/A      ; N/A     ; N/A                 ;
; Design-wide TNS  ; 0.0   ; 0.0  ; 0.0      ; 0.0     ; 0.0                 ;
+------------------+-------+------+----------+---------+---------------------+


+--------------------------------------------------------------+
; Progagation Delay                                            ;
+------------+-------------+--------+--------+--------+--------+
; Input Port ; Output Port ; RR     ; RF     ; FR     ; FF     ;
+------------+-------------+--------+--------+--------+--------+
; CONTROL[0] ; RESULT[0]   ; 11.846 ; 11.846 ; 11.846 ; 11.846 ;
; CONTROL[0] ; RESULT[1]   ; 11.596 ; 11.596 ; 11.596 ; 11.596 ;
; CONTROL[0] ; RESULT[2]   ; 12.015 ; 12.015 ; 12.015 ; 12.015 ;
; CONTROL[0] ; RESULT[3]   ; 11.583 ; 11.583 ; 11.583 ; 11.583 ;
; CONTROL[0] ; RESULT[4]   ; 11.495 ; 11.495 ; 11.495 ; 11.495 ;
; CONTROL[0] ; RESULT[5]   ; 11.527 ; 11.527 ; 11.527 ; 11.527 ;
; CONTROL[0] ; RESULT[6]   ; 11.137 ; 11.137 ; 11.137 ; 11.137 ;
; CONTROL[0] ; RESULT[7]   ; 11.265 ; 11.265 ; 11.265 ; 11.265 ;
; CONTROL[0] ; ZERO        ; 13.285 ; 13.285 ; 13.285 ; 13.285 ;
; CONTROL[1] ; RESULT[0]   ; 11.629 ; 11.629 ; 11.629 ; 11.629 ;
; CONTROL[1] ; RESULT[1]   ; 11.379 ; 11.379 ; 11.379 ; 11.379 ;
; CONTROL[1] ; RESULT[2]   ; 11.798 ; 11.798 ; 11.798 ; 11.798 ;
; CONTROL[1] ; RESULT[3]   ; 11.366 ; 11.366 ; 11.366 ; 11.366 ;
; CONTROL[1] ; RESULT[4]   ; 11.278 ; 11.278 ; 11.278 ; 11.278 ;
; CONTROL[1] ; RESULT[5]   ; 11.325 ; 11.325 ; 11.325 ; 11.325 ;
; CONTROL[1] ; RESULT[6]   ; 10.920 ; 10.920 ; 10.920 ; 10.920 ;
; CONTROL[1] ; RESULT[7]   ; 11.048 ; 11.048 ; 11.048 ; 11.048 ;
; CONTROL[1] ; ZERO        ; 13.068 ; 13.068 ; 13.068 ; 13.068 ;
; CONTROL[2] ; RESULT[0]   ; 12.196 ; 12.196 ; 12.196 ; 12.196 ;
; CONTROL[2] ; RESULT[1]   ; 12.554 ; 12.554 ; 12.554 ; 12.554 ;
; CONTROL[2] ; RESULT[2]   ; 13.422 ; 13.422 ; 13.422 ; 13.422 ;
; CONTROL[2] ; RESULT[3]   ; 13.693 ; 13.693 ; 13.693 ; 13.693 ;
; CONTROL[2] ; RESULT[4]   ; 13.645 ; 13.645 ; 13.645 ; 13.645 ;
; CONTROL[2] ; RESULT[5]   ; 12.618 ; 12.618 ; 12.618 ; 12.618 ;
; CONTROL[2] ; RESULT[6]   ; 13.695 ; 13.695 ; 13.695 ; 13.695 ;
; CONTROL[2] ; RESULT[7]   ; 13.639 ; 13.639 ; 13.639 ; 13.639 ;
; CONTROL[2] ; ZERO        ; 15.253 ; 15.253 ; 15.253 ; 15.253 ;
; CONTROL[3] ; RESULT[0]   ; 10.803 ; 10.590 ; 10.590 ; 10.803 ;
; CONTROL[3] ; RESULT[1]   ; 10.527 ; 10.762 ; 10.762 ; 10.527 ;
; CONTROL[3] ; RESULT[2]   ; 10.504 ; 10.599 ; 10.599 ; 10.504 ;
; CONTROL[3] ; RESULT[3]   ; 10.810 ; 10.596 ; 10.596 ; 10.810 ;
; CONTROL[3] ; RESULT[4]   ; 10.789 ; 10.565 ; 10.565 ; 10.789 ;
; CONTROL[3] ; RESULT[5]   ; 11.517 ; 11.517 ; 11.517 ; 11.517 ;
; CONTROL[3] ; RESULT[6]   ; 10.154 ; 10.351 ; 10.351 ; 10.154 ;
; CONTROL[3] ; RESULT[7]   ; 9.853  ; 10.360 ; 10.360 ; 9.853  ;
; CONTROL[3] ; ZERO        ; 12.870 ; 12.870 ; 12.870 ; 12.870 ;
; SRC1[0]    ; RESULT[0]   ; 9.566  ; 10.091 ; 10.091 ; 9.566  ;
; SRC1[0]    ; RESULT[1]   ; 9.998  ; 9.998  ; 9.998  ; 9.998  ;
; SRC1[0]    ; RESULT[2]   ; 10.680 ; 10.680 ; 10.680 ; 10.680 ;
; SRC1[0]    ; RESULT[3]   ; 10.783 ; 10.783 ; 10.783 ; 10.783 ;
; SRC1[0]    ; RESULT[4]   ; 10.735 ; 10.735 ; 10.735 ; 10.735 ;
; SRC1[0]    ; RESULT[5]   ; 9.708  ; 9.708  ; 9.708  ; 9.708  ;
; SRC1[0]    ; RESULT[6]   ; 10.785 ; 10.785 ; 10.785 ; 10.785 ;
; SRC1[0]    ; RESULT[7]   ; 10.729 ; 10.729 ; 10.729 ; 10.729 ;
; SRC1[0]    ; ZERO        ; 12.343 ; 12.343 ; 12.343 ; 12.343 ;
; SRC1[1]    ; RESULT[0]   ;        ; 12.798 ; 12.798 ;        ;
; SRC1[1]    ; RESULT[1]   ; 11.697 ; 12.693 ; 12.693 ; 11.697 ;
; SRC1[1]    ; RESULT[2]   ; 12.691 ; 13.110 ; 13.110 ; 12.691 ;
; SRC1[1]    ; RESULT[3]   ; 12.794 ; 12.848 ; 12.848 ; 12.794 ;
; SRC1[1]    ; RESULT[4]   ; 12.746 ; 12.767 ; 12.767 ; 12.746 ;
; SRC1[1]    ; RESULT[5]   ; 11.719 ; 11.921 ; 11.921 ; 11.719 ;
; SRC1[1]    ; RESULT[6]   ; 12.796 ; 12.796 ; 12.796 ; 12.796 ;
; SRC1[1]    ; RESULT[7]   ; 12.740 ; 12.740 ; 12.740 ; 12.740 ;
; SRC1[1]    ; ZERO        ; 14.408 ; 14.354 ; 14.354 ; 14.408 ;
; SRC1[2]    ; RESULT[0]   ;        ; 12.465 ; 12.465 ;        ;
; SRC1[2]    ; RESULT[1]   ;        ; 12.360 ; 12.360 ;        ;
; SRC1[2]    ; RESULT[2]   ; 12.034 ; 12.777 ; 12.777 ; 12.034 ;
; SRC1[2]    ; RESULT[3]   ; 12.453 ; 12.515 ; 12.515 ; 12.453 ;
; SRC1[2]    ; RESULT[4]   ; 12.405 ; 12.434 ; 12.434 ; 12.405 ;
; SRC1[2]    ; RESULT[5]   ; 11.378 ; 11.588 ; 11.588 ; 11.378 ;
; SRC1[2]    ; RESULT[6]   ; 12.455 ; 12.455 ; 12.455 ; 12.455 ;
; SRC1[2]    ; RESULT[7]   ; 12.399 ; 12.399 ; 12.399 ; 12.399 ;
; SRC1[2]    ; ZERO        ; 14.075 ; 14.013 ; 14.013 ; 14.075 ;
; SRC1[3]    ; RESULT[0]   ;        ; 12.658 ; 12.658 ;        ;
; SRC1[3]    ; RESULT[1]   ;        ; 12.553 ; 12.553 ;        ;
; SRC1[3]    ; RESULT[2]   ;        ; 12.970 ; 12.970 ;        ;
; SRC1[3]    ; RESULT[3]   ; 12.304 ; 12.708 ; 12.708 ; 12.304 ;
; SRC1[3]    ; RESULT[4]   ; 12.568 ; 12.627 ; 12.627 ; 12.568 ;
; SRC1[3]    ; RESULT[5]   ; 11.541 ; 11.781 ; 11.781 ; 11.541 ;
; SRC1[3]    ; RESULT[6]   ; 12.618 ; 12.618 ; 12.618 ; 12.618 ;
; SRC1[3]    ; RESULT[7]   ; 12.562 ; 12.562 ; 12.562 ; 12.562 ;
; SRC1[3]    ; ZERO        ; 14.268 ; 13.864 ; 13.864 ; 14.268 ;
; SRC1[4]    ; RESULT[0]   ;        ; 12.623 ; 12.623 ;        ;
; SRC1[4]    ; RESULT[1]   ;        ; 12.518 ; 12.518 ;        ;
; SRC1[4]    ; RESULT[2]   ;        ; 12.935 ; 12.935 ;        ;
; SRC1[4]    ; RESULT[3]   ;        ; 12.673 ; 12.673 ;        ;
; SRC1[4]    ; RESULT[4]   ; 12.241 ; 12.592 ; 12.592 ; 12.241 ;
; SRC1[4]    ; RESULT[5]   ; 11.530 ; 11.746 ; 11.746 ; 11.530 ;
; SRC1[4]    ; RESULT[6]   ; 12.607 ; 12.607 ; 12.607 ; 12.607 ;
; SRC1[4]    ; RESULT[7]   ; 12.551 ; 12.551 ; 12.551 ; 12.551 ;
; SRC1[4]    ; ZERO        ; 14.233 ; 13.488 ; 13.488 ; 14.233 ;
; SRC1[5]    ; RESULT[0]   ;        ; 12.506 ; 12.506 ;        ;
; SRC1[5]    ; RESULT[1]   ;        ; 12.401 ; 12.401 ;        ;
; SRC1[5]    ; RESULT[2]   ;        ; 12.818 ; 12.818 ;        ;
; SRC1[5]    ; RESULT[3]   ;        ; 12.556 ; 12.556 ;        ;
; SRC1[5]    ; RESULT[4]   ;        ; 12.475 ; 12.475 ;        ;
; SRC1[5]    ; RESULT[5]   ; 11.115 ; 11.629 ; 11.629 ; 11.115 ;
; SRC1[5]    ; RESULT[6]   ; 12.507 ; 12.507 ; 12.507 ; 12.507 ;
; SRC1[5]    ; RESULT[7]   ; 12.451 ; 12.451 ; 12.451 ; 12.451 ;
; SRC1[5]    ; ZERO        ; 14.116 ; 13.192 ; 13.192 ; 14.116 ;
; SRC1[6]    ; RESULT[0]   ;        ; 12.502 ; 12.502 ;        ;
; SRC1[6]    ; RESULT[1]   ;        ; 12.397 ; 12.397 ;        ;
; SRC1[6]    ; RESULT[2]   ;        ; 12.814 ; 12.814 ;        ;
; SRC1[6]    ; RESULT[3]   ;        ; 12.552 ; 12.552 ;        ;
; SRC1[6]    ; RESULT[4]   ;        ; 12.471 ; 12.471 ;        ;
; SRC1[6]    ; RESULT[5]   ;        ; 11.625 ; 11.625 ;        ;
; SRC1[6]    ; RESULT[6]   ; 11.859 ; 12.106 ; 12.106 ; 11.859 ;
; SRC1[6]    ; RESULT[7]   ; 12.119 ; 12.234 ; 12.234 ; 12.119 ;
; SRC1[6]    ; ZERO        ; 14.112 ; 12.544 ; 12.544 ; 14.112 ;
; SRC1[7]    ; RESULT[0]   ;        ; 11.734 ; 11.734 ;        ;
; SRC1[7]    ; RESULT[1]   ;        ; 11.629 ; 11.629 ;        ;
; SRC1[7]    ; RESULT[2]   ;        ; 12.046 ; 12.046 ;        ;
; SRC1[7]    ; RESULT[3]   ;        ; 11.784 ; 11.784 ;        ;
; SRC1[7]    ; RESULT[4]   ;        ; 11.703 ; 11.703 ;        ;
; SRC1[7]    ; RESULT[5]   ;        ; 10.857 ; 10.857 ;        ;
; SRC1[7]    ; RESULT[6]   ;        ; 11.338 ; 11.338 ;        ;
; SRC1[7]    ; RESULT[7]   ; 11.398 ; 11.466 ; 11.466 ; 11.398 ;
; SRC1[7]    ; ZERO        ; 13.344 ; 11.803 ; 11.803 ; 13.344 ;
; SRC2[0]    ; RESULT[0]   ; 10.328 ; 9.404  ; 9.404  ; 10.328 ;
; SRC2[0]    ; RESULT[1]   ; 10.223 ; 9.837  ; 9.837  ; 10.223 ;
; SRC2[0]    ; RESULT[2]   ; 10.640 ; 10.519 ; 10.519 ; 10.640 ;
; SRC2[0]    ; RESULT[3]   ; 10.622 ; 10.622 ; 10.622 ; 10.622 ;
; SRC2[0]    ; RESULT[4]   ; 10.574 ; 10.574 ; 10.574 ; 10.574 ;
; SRC2[0]    ; RESULT[5]   ; 9.547  ; 9.547  ; 9.547  ; 9.547  ;
; SRC2[0]    ; RESULT[6]   ; 10.624 ; 10.624 ; 10.624 ; 10.624 ;
; SRC2[0]    ; RESULT[7]   ; 10.568 ; 10.568 ; 10.568 ; 10.568 ;
; SRC2[0]    ; ZERO        ; 12.182 ; 12.182 ; 12.182 ; 12.182 ;
; SRC2[1]    ; RESULT[0]   ; 13.028 ;        ;        ; 13.028 ;
; SRC2[1]    ; RESULT[1]   ; 12.923 ; 12.266 ; 12.266 ; 12.923 ;
; SRC2[1]    ; RESULT[2]   ; 13.340 ; 13.263 ; 13.263 ; 13.340 ;
; SRC2[1]    ; RESULT[3]   ; 13.366 ; 13.366 ; 13.366 ; 13.366 ;
; SRC2[1]    ; RESULT[4]   ; 13.318 ; 13.318 ; 13.318 ; 13.318 ;
; SRC2[1]    ; RESULT[5]   ; 12.291 ; 12.291 ; 12.291 ; 12.291 ;
; SRC2[1]    ; RESULT[6]   ; 13.368 ; 13.368 ; 13.368 ; 13.368 ;
; SRC2[1]    ; RESULT[7]   ; 13.312 ; 13.312 ; 13.312 ; 13.312 ;
; SRC2[1]    ; ZERO        ; 14.926 ; 14.926 ; 14.926 ; 14.926 ;
; SRC2[2]    ; RESULT[0]   ; 12.735 ;        ;        ; 12.735 ;
; SRC2[2]    ; RESULT[1]   ; 12.630 ;        ;        ; 12.630 ;
; SRC2[2]    ; RESULT[2]   ; 13.047 ; 12.927 ; 12.927 ; 13.047 ;
; SRC2[2]    ; RESULT[3]   ; 13.345 ; 13.345 ; 13.345 ; 13.345 ;
; SRC2[2]    ; RESULT[4]   ; 13.297 ; 13.297 ; 13.297 ; 13.297 ;
; SRC2[2]    ; RESULT[5]   ; 12.270 ; 12.270 ; 12.270 ; 12.270 ;
; SRC2[2]    ; RESULT[6]   ; 13.347 ; 13.347 ; 13.347 ; 13.347 ;
; SRC2[2]    ; RESULT[7]   ; 13.291 ; 13.291 ; 13.291 ; 13.291 ;
; SRC2[2]    ; ZERO        ; 14.905 ; 14.905 ; 14.905 ; 14.905 ;
; SRC2[3]    ; RESULT[0]   ; 12.360 ;        ;        ; 12.360 ;
; SRC2[3]    ; RESULT[1]   ; 12.255 ;        ;        ; 12.255 ;
; SRC2[3]    ; RESULT[2]   ; 12.672 ;        ;        ; 12.672 ;
; SRC2[3]    ; RESULT[3]   ; 12.470 ; 12.470 ; 12.470 ; 12.470 ;
; SRC2[3]    ; RESULT[4]   ; 12.737 ; 12.737 ; 12.737 ; 12.737 ;
; SRC2[3]    ; RESULT[5]   ; 11.710 ; 11.710 ; 11.710 ; 11.710 ;
; SRC2[3]    ; RESULT[6]   ; 12.787 ; 12.787 ; 12.787 ; 12.787 ;
; SRC2[3]    ; RESULT[7]   ; 12.731 ; 12.731 ; 12.731 ; 12.731 ;
; SRC2[3]    ; ZERO        ; 14.030 ; 14.030 ; 14.030 ; 14.030 ;
; SRC2[4]    ; RESULT[0]   ; 12.911 ;        ;        ; 12.911 ;
; SRC2[4]    ; RESULT[1]   ; 12.806 ;        ;        ; 12.806 ;
; SRC2[4]    ; RESULT[2]   ; 13.223 ;        ;        ; 13.223 ;
; SRC2[4]    ; RESULT[3]   ; 12.961 ;        ;        ; 12.961 ;
; SRC2[4]    ; RESULT[4]   ; 12.880 ; 12.774 ; 12.774 ; 12.880 ;
; SRC2[4]    ; RESULT[5]   ; 12.062 ; 12.062 ; 12.062 ; 12.062 ;
; SRC2[4]    ; RESULT[6]   ; 13.139 ; 13.139 ; 13.139 ; 13.139 ;
; SRC2[4]    ; RESULT[7]   ; 13.083 ; 13.083 ; 13.083 ; 13.083 ;
; SRC2[4]    ; ZERO        ; 14.021 ; 14.521 ; 14.521 ; 14.021 ;
; SRC2[5]    ; RESULT[0]   ; 12.534 ;        ;        ; 12.534 ;
; SRC2[5]    ; RESULT[1]   ; 12.429 ;        ;        ; 12.429 ;
; SRC2[5]    ; RESULT[2]   ; 12.846 ;        ;        ; 12.846 ;
; SRC2[5]    ; RESULT[3]   ; 12.584 ;        ;        ; 12.584 ;
; SRC2[5]    ; RESULT[4]   ; 12.503 ;        ;        ; 12.503 ;
; SRC2[5]    ; RESULT[5]   ; 11.844 ; 11.844 ; 11.844 ; 11.844 ;
; SRC2[5]    ; RESULT[6]   ; 13.233 ; 13.233 ; 13.233 ; 13.233 ;
; SRC2[5]    ; RESULT[7]   ; 13.177 ; 13.177 ; 13.177 ; 13.177 ;
; SRC2[5]    ; ZERO        ; 13.918 ; 14.144 ; 14.144 ; 13.918 ;
; SRC2[6]    ; RESULT[0]   ; 12.408 ;        ;        ; 12.408 ;
; SRC2[6]    ; RESULT[1]   ; 12.303 ;        ;        ; 12.303 ;
; SRC2[6]    ; RESULT[2]   ; 12.720 ;        ;        ; 12.720 ;
; SRC2[6]    ; RESULT[3]   ; 12.458 ;        ;        ; 12.458 ;
; SRC2[6]    ; RESULT[4]   ; 12.377 ;        ;        ; 12.377 ;
; SRC2[6]    ; RESULT[5]   ; 11.531 ;        ;        ; 11.531 ;
; SRC2[6]    ; RESULT[6]   ; 12.534 ; 12.534 ; 12.534 ; 12.534 ;
; SRC2[6]    ; RESULT[7]   ; 12.793 ; 12.793 ; 12.793 ; 12.793 ;
; SRC2[6]    ; ZERO        ; 13.219 ; 14.018 ; 14.018 ; 13.219 ;
; SRC2[7]    ; RESULT[0]   ; 11.479 ;        ;        ; 11.479 ;
; SRC2[7]    ; RESULT[1]   ; 11.374 ;        ;        ; 11.374 ;
; SRC2[7]    ; RESULT[2]   ; 11.791 ;        ;        ; 11.791 ;
; SRC2[7]    ; RESULT[3]   ; 11.529 ;        ;        ; 11.529 ;
; SRC2[7]    ; RESULT[4]   ; 11.448 ;        ;        ; 11.448 ;
; SRC2[7]    ; RESULT[5]   ; 10.602 ;        ;        ; 10.602 ;
; SRC2[7]    ; RESULT[6]   ; 11.083 ;        ;        ; 11.083 ;
; SRC2[7]    ; RESULT[7]   ; 12.099 ; 12.099 ; 12.099 ; 12.099 ;
; SRC2[7]    ; ZERO        ; 12.504 ; 13.089 ; 13.089 ; 12.504 ;
+------------+-------------+--------+--------+--------+--------+


+----------------------------------------------------------+
; Minimum Progagation Delay                                ;
+------------+-------------+-------+-------+-------+-------+
; Input Port ; Output Port ; RR    ; RF    ; FR    ; FF    ;
+------------+-------------+-------+-------+-------+-------+
; CONTROL[0] ; RESULT[0]   ; 5.899 ; 5.791 ; 5.791 ; 5.899 ;
; CONTROL[0] ; RESULT[1]   ; 6.101 ; 5.771 ; 5.771 ; 6.101 ;
; CONTROL[0] ; RESULT[2]   ; 6.144 ; 5.746 ; 5.746 ; 6.144 ;
; CONTROL[0] ; RESULT[3]   ; 6.039 ; 5.808 ; 5.808 ; 6.039 ;
; CONTROL[0] ; RESULT[4]   ; 5.926 ; 5.780 ; 5.780 ; 5.926 ;
; CONTROL[0] ; RESULT[5]   ; 5.903 ; 5.799 ; 5.799 ; 5.903 ;
; CONTROL[0] ; RESULT[6]   ; 5.666 ; 5.572 ; 5.572 ; 5.666 ;
; CONTROL[0] ; RESULT[7]   ; 5.896 ; 5.469 ; 5.469 ; 5.896 ;
; CONTROL[0] ; ZERO        ; 5.620 ; 5.983 ; 5.983 ; 5.620 ;
; CONTROL[1] ; RESULT[0]   ; 5.838 ; 5.738 ; 5.738 ; 5.838 ;
; CONTROL[1] ; RESULT[1]   ; 6.040 ; 5.710 ; 5.710 ; 6.040 ;
; CONTROL[1] ; RESULT[2]   ; 6.083 ; 5.685 ; 5.685 ; 6.083 ;
; CONTROL[1] ; RESULT[3]   ; 5.978 ; 5.755 ; 5.755 ; 5.978 ;
; CONTROL[1] ; RESULT[4]   ; 5.865 ; 5.727 ; 5.727 ; 5.865 ;
; CONTROL[1] ; RESULT[5]   ; 5.848 ; 5.746 ; 5.746 ; 5.848 ;
; CONTROL[1] ; RESULT[6]   ; 5.605 ; 5.511 ; 5.511 ; 5.605 ;
; CONTROL[1] ; RESULT[7]   ; 5.835 ; 5.408 ; 5.408 ; 5.835 ;
; CONTROL[1] ; ZERO        ; 5.559 ; 5.922 ; 5.922 ; 5.559 ;
; CONTROL[2] ; RESULT[0]   ; 5.821 ; 5.922 ; 5.922 ; 5.821 ;
; CONTROL[2] ; RESULT[1]   ; 5.823 ; 6.124 ; 6.124 ; 5.823 ;
; CONTROL[2] ; RESULT[2]   ; 5.798 ; 6.167 ; 6.167 ; 5.798 ;
; CONTROL[2] ; RESULT[3]   ; 5.838 ; 6.062 ; 6.062 ; 5.838 ;
; CONTROL[2] ; RESULT[4]   ; 5.810 ; 5.949 ; 5.949 ; 5.810 ;
; CONTROL[2] ; RESULT[5]   ; 5.829 ; 5.932 ; 5.932 ; 5.829 ;
; CONTROL[2] ; RESULT[6]   ; 5.624 ; 5.689 ; 5.689 ; 5.624 ;
; CONTROL[2] ; RESULT[7]   ; 5.521 ; 5.919 ; 5.919 ; 5.521 ;
; CONTROL[2] ; ZERO        ; 6.006 ; 5.672 ; 5.672 ; 6.006 ;
; CONTROL[3] ; RESULT[0]   ; 5.862 ; 5.782 ; 5.782 ; 5.862 ;
; CONTROL[3] ; RESULT[1]   ; 5.759 ; 5.879 ; 5.879 ; 5.759 ;
; CONTROL[3] ; RESULT[2]   ; 5.734 ; 5.782 ; 5.782 ; 5.734 ;
; CONTROL[3] ; RESULT[3]   ; 5.879 ; 5.799 ; 5.799 ; 5.879 ;
; CONTROL[3] ; RESULT[4]   ; 5.855 ; 5.771 ; 5.771 ; 5.855 ;
; CONTROL[3] ; RESULT[5]   ; 6.161 ; 5.790 ; 5.790 ; 6.161 ;
; CONTROL[3] ; RESULT[6]   ; 5.560 ; 5.662 ; 5.662 ; 5.560 ;
; CONTROL[3] ; RESULT[7]   ; 5.457 ; 5.688 ; 5.688 ; 5.457 ;
; CONTROL[3] ; ZERO        ; 5.839 ; 5.608 ; 5.608 ; 5.839 ;
; SRC1[0]    ; RESULT[0]   ; 3.879 ; 3.997 ; 3.997 ; 3.879 ;
; SRC1[0]    ; RESULT[1]   ; 4.889 ; 4.889 ; 4.889 ; 4.889 ;
; SRC1[0]    ; RESULT[2]   ; 5.165 ; 5.066 ; 5.066 ; 5.165 ;
; SRC1[0]    ; RESULT[3]   ; 5.237 ; 4.976 ; 4.976 ; 5.237 ;
; SRC1[0]    ; RESULT[4]   ; 5.195 ; 4.923 ; 4.923 ; 5.195 ;
; SRC1[0]    ; RESULT[5]   ; 4.784 ; 4.572 ; 4.572 ; 4.784 ;
; SRC1[0]    ; RESULT[6]   ; 5.236 ; 4.755 ; 4.755 ; 5.236 ;
; SRC1[0]    ; RESULT[7]   ; 5.216 ; 4.825 ; 4.825 ; 5.216 ;
; SRC1[0]    ; ZERO        ; 4.497 ; 4.379 ; 4.379 ; 4.497 ;
; SRC1[1]    ; RESULT[0]   ;       ; 6.697 ; 6.697 ;       ;
; SRC1[1]    ; RESULT[1]   ; 5.635 ; 5.712 ; 5.712 ; 5.635 ;
; SRC1[1]    ; RESULT[2]   ; 6.617 ; 6.617 ; 6.617 ; 6.617 ;
; SRC1[1]    ; RESULT[3]   ; 6.689 ; 6.689 ; 6.689 ; 6.689 ;
; SRC1[1]    ; RESULT[4]   ; 6.647 ; 6.647 ; 6.647 ; 6.647 ;
; SRC1[1]    ; RESULT[5]   ; 6.236 ; 6.236 ; 6.236 ; 6.236 ;
; SRC1[1]    ; RESULT[6]   ; 6.688 ; 6.510 ; 6.510 ; 6.688 ;
; SRC1[1]    ; RESULT[7]   ; 6.668 ; 6.580 ; 6.580 ; 6.668 ;
; SRC1[1]    ; ZERO        ; 6.318 ; 6.241 ; 6.241 ; 6.318 ;
; SRC1[2]    ; RESULT[0]   ;       ; 6.527 ; 6.527 ;       ;
; SRC1[2]    ; RESULT[1]   ;       ; 6.489 ; 6.489 ;       ;
; SRC1[2]    ; RESULT[2]   ; 5.517 ; 5.526 ; 5.526 ; 5.517 ;
; SRC1[2]    ; RESULT[3]   ; 6.525 ; 6.525 ; 6.525 ; 6.525 ;
; SRC1[2]    ; RESULT[4]   ; 6.483 ; 6.483 ; 6.483 ; 6.483 ;
; SRC1[2]    ; RESULT[5]   ; 6.072 ; 6.072 ; 6.072 ; 6.072 ;
; SRC1[2]    ; RESULT[6]   ; 6.524 ; 6.340 ; 6.340 ; 6.524 ;
; SRC1[2]    ; RESULT[7]   ; 6.504 ; 6.410 ; 6.410 ; 6.504 ;
; SRC1[2]    ; ZERO        ; 6.079 ; 6.070 ; 6.070 ; 6.079 ;
; SRC1[3]    ; RESULT[0]   ;       ; 6.611 ; 6.611 ;       ;
; SRC1[3]    ; RESULT[1]   ;       ; 6.573 ; 6.573 ;       ;
; SRC1[3]    ; RESULT[2]   ;       ; 6.735 ; 6.735 ;       ;
; SRC1[3]    ; RESULT[3]   ; 5.499 ; 5.616 ; 5.616 ; 5.499 ;
; SRC1[3]    ; RESULT[4]   ; 6.546 ; 6.546 ; 6.546 ; 6.546 ;
; SRC1[3]    ; RESULT[5]   ; 6.135 ; 6.135 ; 6.135 ; 6.135 ;
; SRC1[3]    ; RESULT[6]   ; 6.587 ; 6.424 ; 6.424 ; 6.587 ;
; SRC1[3]    ; RESULT[7]   ; 6.567 ; 6.494 ; 6.494 ; 6.567 ;
; SRC1[3]    ; ZERO        ; 6.313 ; 6.196 ; 6.196 ; 6.313 ;
; SRC1[4]    ; RESULT[0]   ;       ; 6.623 ; 6.623 ;       ;
; SRC1[4]    ; RESULT[1]   ;       ; 6.585 ; 6.585 ;       ;
; SRC1[4]    ; RESULT[2]   ;       ; 6.747 ; 6.747 ;       ;
; SRC1[4]    ; RESULT[3]   ;       ; 6.657 ; 6.657 ;       ;
; SRC1[4]    ; RESULT[4]   ; 5.525 ; 5.651 ; 5.651 ; 5.525 ;
; SRC1[4]    ; RESULT[5]   ; 6.155 ; 6.155 ; 6.155 ; 6.155 ;
; SRC1[4]    ; RESULT[6]   ; 6.607 ; 6.436 ; 6.436 ; 6.607 ;
; SRC1[4]    ; RESULT[7]   ; 6.587 ; 6.506 ; 6.506 ; 6.587 ;
; SRC1[4]    ; ZERO        ; 6.172 ; 6.046 ; 6.046 ; 6.172 ;
; SRC1[5]    ; RESULT[0]   ;       ; 6.540 ; 6.540 ;       ;
; SRC1[5]    ; RESULT[1]   ;       ; 6.502 ; 6.502 ;       ;
; SRC1[5]    ; RESULT[2]   ;       ; 6.664 ; 6.664 ;       ;
; SRC1[5]    ; RESULT[3]   ;       ; 6.574 ; 6.574 ;       ;
; SRC1[5]    ; RESULT[4]   ;       ; 6.521 ; 6.521 ;       ;
; SRC1[5]    ; RESULT[5]   ; 5.621 ; 5.621 ; 5.621 ; 5.621 ;
; SRC1[5]    ; RESULT[6]   ; 6.527 ; 6.353 ; 6.353 ; 6.527 ;
; SRC1[5]    ; RESULT[7]   ; 6.507 ; 6.423 ; 6.423 ; 6.507 ;
; SRC1[5]    ; ZERO        ; 6.172 ; 6.172 ; 6.172 ; 6.172 ;
; SRC1[6]    ; RESULT[0]   ;       ; 6.561 ; 6.561 ;       ;
; SRC1[6]    ; RESULT[1]   ;       ; 6.523 ; 6.523 ;       ;
; SRC1[6]    ; RESULT[2]   ;       ; 6.685 ; 6.685 ;       ;
; SRC1[6]    ; RESULT[3]   ;       ; 6.595 ; 6.595 ;       ;
; SRC1[6]    ; RESULT[4]   ;       ; 6.542 ; 6.542 ;       ;
; SRC1[6]    ; RESULT[5]   ;       ; 6.191 ; 6.191 ;       ;
; SRC1[6]    ; RESULT[6]   ; 5.172 ; 5.289 ; 5.289 ; 5.172 ;
; SRC1[6]    ; RESULT[7]   ; 6.388 ; 6.388 ; 6.388 ; 6.388 ;
; SRC1[6]    ; ZERO        ; 5.606 ; 5.489 ; 5.489 ; 5.606 ;
; SRC1[7]    ; RESULT[0]   ;       ; 6.223 ; 6.223 ;       ;
; SRC1[7]    ; RESULT[1]   ;       ; 6.185 ; 6.185 ;       ;
; SRC1[7]    ; RESULT[2]   ;       ; 6.347 ; 6.347 ;       ;
; SRC1[7]    ; RESULT[3]   ;       ; 6.257 ; 6.257 ;       ;
; SRC1[7]    ; RESULT[4]   ;       ; 6.204 ; 6.204 ;       ;
; SRC1[7]    ; RESULT[5]   ;       ; 5.853 ; 5.853 ;       ;
; SRC1[7]    ; RESULT[6]   ;       ; 6.036 ; 6.036 ;       ;
; SRC1[7]    ; RESULT[7]   ; 5.278 ; 5.263 ; 5.263 ; 5.278 ;
; SRC1[7]    ; ZERO        ; 5.414 ; 5.429 ; 5.429 ; 5.414 ;
; SRC2[0]    ; RESULT[0]   ; 3.741 ; 3.859 ; 3.859 ; 3.741 ;
; SRC2[0]    ; RESULT[1]   ; 4.766 ; 4.766 ; 4.766 ; 4.766 ;
; SRC2[0]    ; RESULT[2]   ; 5.042 ; 5.042 ; 5.042 ; 5.042 ;
; SRC2[0]    ; RESULT[3]   ; 5.052 ; 5.114 ; 5.114 ; 5.052 ;
; SRC2[0]    ; RESULT[4]   ; 4.999 ; 5.072 ; 5.072 ; 4.999 ;
; SRC2[0]    ; RESULT[5]   ; 4.648 ; 4.661 ; 4.661 ; 4.648 ;
; SRC2[0]    ; RESULT[6]   ; 4.831 ; 5.113 ; 5.113 ; 4.831 ;
; SRC2[0]    ; RESULT[7]   ; 4.901 ; 5.093 ; 5.093 ; 4.901 ;
; SRC2[0]    ; ZERO        ; 4.359 ; 4.241 ; 4.241 ; 4.359 ;
; SRC2[1]    ; RESULT[0]   ; 6.779 ;       ;       ; 6.779 ;
; SRC2[1]    ; RESULT[1]   ; 5.688 ; 5.767 ; 5.767 ; 5.688 ;
; SRC2[1]    ; RESULT[2]   ; 6.836 ; 6.836 ; 6.836 ; 6.836 ;
; SRC2[1]    ; RESULT[3]   ; 6.813 ; 6.908 ; 6.908 ; 6.813 ;
; SRC2[1]    ; RESULT[4]   ; 6.760 ; 6.866 ; 6.866 ; 6.760 ;
; SRC2[1]    ; RESULT[5]   ; 6.409 ; 6.455 ; 6.455 ; 6.409 ;
; SRC2[1]    ; RESULT[6]   ; 6.592 ; 6.907 ; 6.907 ; 6.592 ;
; SRC2[1]    ; RESULT[7]   ; 6.662 ; 6.887 ; 6.887 ; 6.662 ;
; SRC2[1]    ; ZERO        ; 6.373 ; 6.294 ; 6.294 ; 6.373 ;
; SRC2[2]    ; RESULT[0]   ; 6.667 ;       ;       ; 6.667 ;
; SRC2[2]    ; RESULT[1]   ; 6.629 ;       ;       ; 6.629 ;
; SRC2[2]    ; RESULT[2]   ; 5.630 ; 5.642 ; 5.642 ; 5.630 ;
; SRC2[2]    ; RESULT[3]   ; 6.701 ; 6.918 ; 6.918 ; 6.701 ;
; SRC2[2]    ; RESULT[4]   ; 6.648 ; 6.876 ; 6.876 ; 6.648 ;
; SRC2[2]    ; RESULT[5]   ; 6.297 ; 6.465 ; 6.465 ; 6.297 ;
; SRC2[2]    ; RESULT[6]   ; 6.480 ; 6.917 ; 6.917 ; 6.480 ;
; SRC2[2]    ; RESULT[7]   ; 6.550 ; 6.897 ; 6.897 ; 6.550 ;
; SRC2[2]    ; ZERO        ; 6.195 ; 6.183 ; 6.183 ; 6.195 ;
; SRC2[3]    ; RESULT[0]   ; 6.483 ;       ;       ; 6.483 ;
; SRC2[3]    ; RESULT[1]   ; 6.445 ;       ;       ; 6.445 ;
; SRC2[3]    ; RESULT[2]   ; 6.607 ;       ;       ; 6.607 ;
; SRC2[3]    ; RESULT[3]   ; 5.510 ; 5.627 ; 5.627 ; 5.510 ;
; SRC2[3]    ; RESULT[4]   ; 6.464 ; 6.611 ; 6.611 ; 6.464 ;
; SRC2[3]    ; RESULT[5]   ; 6.113 ; 6.200 ; 6.200 ; 6.113 ;
; SRC2[3]    ; RESULT[6]   ; 6.296 ; 6.652 ; 6.652 ; 6.296 ;
; SRC2[3]    ; RESULT[7]   ; 6.366 ; 6.632 ; 6.632 ; 6.366 ;
; SRC2[3]    ; ZERO        ; 6.324 ; 6.207 ; 6.207 ; 6.324 ;
; SRC2[4]    ; RESULT[0]   ; 6.742 ;       ;       ; 6.742 ;
; SRC2[4]    ; RESULT[1]   ; 6.704 ;       ;       ; 6.704 ;
; SRC2[4]    ; RESULT[2]   ; 6.866 ;       ;       ; 6.866 ;
; SRC2[4]    ; RESULT[3]   ; 6.776 ;       ;       ; 6.776 ;
; SRC2[4]    ; RESULT[4]   ; 5.540 ; 5.669 ; 5.669 ; 5.540 ;
; SRC2[4]    ; RESULT[5]   ; 6.359 ; 6.359 ; 6.359 ; 6.359 ;
; SRC2[4]    ; RESULT[6]   ; 6.555 ; 6.811 ; 6.811 ; 6.555 ;
; SRC2[4]    ; RESULT[7]   ; 6.625 ; 6.791 ; 6.791 ; 6.625 ;
; SRC2[4]    ; ZERO        ; 6.190 ; 6.061 ; 6.061 ; 6.190 ;
; SRC2[5]    ; RESULT[0]   ; 6.576 ;       ;       ; 6.576 ;
; SRC2[5]    ; RESULT[1]   ; 6.538 ;       ;       ; 6.538 ;
; SRC2[5]    ; RESULT[2]   ; 6.700 ;       ;       ; 6.700 ;
; SRC2[5]    ; RESULT[3]   ; 6.610 ;       ;       ; 6.610 ;
; SRC2[5]    ; RESULT[4]   ; 6.557 ;       ;       ; 6.557 ;
; SRC2[5]    ; RESULT[5]   ; 5.704 ; 5.704 ; 5.704 ; 5.704 ;
; SRC2[5]    ; RESULT[6]   ; 6.389 ; 6.855 ; 6.855 ; 6.389 ;
; SRC2[5]    ; RESULT[7]   ; 6.459 ; 6.835 ; 6.835 ; 6.459 ;
; SRC2[5]    ; ZERO        ; 6.255 ; 6.255 ; 6.255 ; 6.255 ;
; SRC2[6]    ; RESULT[0]   ; 6.492 ;       ;       ; 6.492 ;
; SRC2[6]    ; RESULT[1]   ; 6.454 ;       ;       ; 6.454 ;
; SRC2[6]    ; RESULT[2]   ; 6.616 ;       ;       ; 6.616 ;
; SRC2[6]    ; RESULT[3]   ; 6.526 ;       ;       ; 6.526 ;
; SRC2[6]    ; RESULT[4]   ; 6.473 ;       ;       ; 6.473 ;
; SRC2[6]    ; RESULT[5]   ; 6.122 ;       ;       ; 6.122 ;
; SRC2[6]    ; RESULT[6]   ; 5.487 ; 5.535 ; 5.535 ; 5.487 ;
; SRC2[6]    ; RESULT[7]   ; 6.375 ; 6.646 ; 6.646 ; 6.375 ;
; SRC2[6]    ; ZERO        ; 5.852 ; 5.804 ; 5.804 ; 5.852 ;
; SRC2[7]    ; RESULT[0]   ; 6.119 ;       ;       ; 6.119 ;
; SRC2[7]    ; RESULT[1]   ; 6.081 ;       ;       ; 6.081 ;
; SRC2[7]    ; RESULT[2]   ; 6.243 ;       ;       ; 6.243 ;
; SRC2[7]    ; RESULT[3]   ; 6.153 ;       ;       ; 6.153 ;
; SRC2[7]    ; RESULT[4]   ; 6.100 ;       ;       ; 6.100 ;
; SRC2[7]    ; RESULT[5]   ; 5.749 ;       ;       ; 5.749 ;
; SRC2[7]    ; RESULT[6]   ; 5.932 ;       ;       ; 5.932 ;
; SRC2[7]    ; RESULT[7]   ; 5.424 ; 5.345 ; 5.345 ; 5.424 ;
; SRC2[7]    ; ZERO        ; 5.496 ; 5.575 ; 5.575 ; 5.496 ;
+------------+-------------+-------+-------+-------+-------+


-------------------
; Clock Transfers ;
-------------------
Nothing to report.


---------------
; Report TCCS ;
---------------
No dedicated SERDES Transmitter circuitry present in device or used in design


---------------
; Report RSKM ;
---------------
No dedicated SERDES Receiver circuitry present in device or used in design


+------------------------------------------------+
; Unconstrained Paths                            ;
+---------------------------------+-------+------+
; Property                        ; Setup ; Hold ;
+---------------------------------+-------+------+
; Illegal Clocks                  ; 0     ; 0    ;
; Unconstrained Clocks            ; 0     ; 0    ;
; Unconstrained Input Ports       ; 20    ; 20   ;
; Unconstrained Input Port Paths  ; 180   ; 180  ;
; Unconstrained Output Ports      ; 9     ; 9    ;
; Unconstrained Output Port Paths ; 180   ; 180  ;
+---------------------------------+-------+------+


+------------------------------------+
; TimeQuest Timing Analyzer Messages ;
+------------------------------------+
Info: *******************************************************************
Info: Running Quartus II 32-bit TimeQuest Timing Analyzer
    Info: Version 13.0.1 Build 232 06/12/2013 Service Pack 1 SJ Web Edition
    Info: Processing started: Mon Sep 11 20:16:40 2023
Info: Command: quartus_sta alu -c alu
Info: qsta_default_script.tcl version: #1
Warning (20028): Parallel compilation is not licensed and has been disabled
Info (21077): Low junction temperature is 0 degrees C
Info (21077): High junction temperature is 85 degrees C
Critical Warning (332012): Synopsys Design Constraints File file not found: 'alu.sdc'. A Synopsys Design Constraints File is required by the TimeQuest Timing Analyzer to get proper timing constraints. Without it, the Compiler will not properly optimize the design.
Info (332142): No user constrained base clocks found in the design. Calling "derive_clocks -period 1.0"
Info (332096): The command derive_clocks did not find any clocks to derive.  No clocks were created or changed.
Warning (332068): No clocks defined in design.
Info: Found TIMEQUEST_REPORT_SCRIPT_INCLUDE_DEFAULT_ANALYSIS = ON
Info (332159): No clocks to report
Info: Analyzing Slow Model
Info (332140): No fmax paths to report
Info (332140): No Setup paths to report
Info (332140): No Hold paths to report
Info (332140): No Recovery paths to report
Info (332140): No Removal paths to report
Info (332140): No Minimum Pulse Width paths to report
Info (332001): The selected device family is not supported by the report_metastability command.
Info: Analyzing Fast Model
Info (332142): No user constrained base clocks found in the design. Calling "derive_clocks -period 1.0"
Info (332096): The command derive_clocks did not find any clocks to derive.  No clocks were created or changed.
Warning (332068): No clocks defined in design.
Info (332140): No Setup paths to report
Info (332140): No Hold paths to report
Info (332140): No Recovery paths to report
Info (332140): No Removal paths to report
Info (332140): No Minimum Pulse Width paths to report
Info (332001): The selected device family is not supported by the report_metastability command.
Info (332102): Design is not fully constrained for setup requirements
Info (332102): Design is not fully constrained for hold requirements
Info: Quartus II 32-bit TimeQuest Timing Analyzer was successful. 0 errors, 4 warnings
    Info: Peak virtual memory: 337 megabytes
    Info: Processing ended: Mon Sep 11 20:16:40 2023
    Info: Elapsed time: 00:00:00
    Info: Total CPU time (on all processors): 00:00:01


